kernel: Linux version 5.19.0-38-generic (buildd@lcy02-amd64-001) (x86_64-linux-gnu-gcc (Ubuntu 11.3.0-1ubuntu1~22.04) 11.3.0, GNU ld (GNU Binutils for Ubuntu) 2.38) #39~22.04.1-Ubuntu SMP PREEMPT_DYNAMIC Fri Mar 17 21:16:15 UTC 2 (Ubuntu 5.19.0-38.39~22.04.1-generic 5.19.17)
kernel: Command line: BOOT_IMAGE=/vmlinuz-5.19.0-38-generic root=UUID=006bed72-2a64-4a76-8c3b-382ec11df920 ro quiet splash vt.handoff=7
kernel: KERNEL supported cpus:
kernel:   Intel GenuineIntel
kernel:   AMD AuthenticAMD
kernel:   Hygon HygonGenuine
kernel:   Centaur CentaurHauls
kernel:   zhaoxin   Shanghai  
kernel: x86/fpu: Supporting XSAVE feature 0x001: 'x87 floating point registers'
kernel: x86/fpu: Supporting XSAVE feature 0x002: 'SSE registers'
kernel: x86/fpu: Supporting XSAVE feature 0x004: 'AVX registers'
kernel: x86/fpu: Supporting XSAVE feature 0x008: 'MPX bounds registers'
kernel: x86/fpu: Supporting XSAVE feature 0x010: 'MPX CSR'
kernel: x86/fpu: xstate_offset[2]:  576, xstate_sizes[2]:  256
kernel: x86/fpu: xstate_offset[3]:  832, xstate_sizes[3]:   64
kernel: x86/fpu: xstate_offset[4]:  896, xstate_sizes[4]:   64
kernel: x86/fpu: Enabled xstate features 0x1f, context size is 960 bytes, using 'compacted' format.
kernel: signal: max sigframe size: 2032
kernel: BIOS-provided physical RAM map:
kernel: BIOS-e820: [mem 0x0000000000000000-0x000000000009dfff] usable
kernel: BIOS-e820: [mem 0x000000000009e000-0x000000000009efff] reserved
kernel: BIOS-e820: [mem 0x000000000009f000-0x000000000009ffff] usable
kernel: BIOS-e820: [mem 0x00000000000a0000-0x00000000000fffff] reserved
kernel: BIOS-e820: [mem 0x0000000000100000-0x000000003fffffff] usable
kernel: BIOS-e820: [mem 0x0000000040000000-0x00000000403fffff] reserved
kernel: BIOS-e820: [mem 0x0000000040400000-0x000000006d44bfff] usable
kernel: BIOS-e820: [mem 0x000000006d44c000-0x000000006d44cfff] ACPI NVS
kernel: BIOS-e820: [mem 0x000000006d44d000-0x000000006d44dfff] reserved
kernel: BIOS-e820: [mem 0x000000006d44e000-0x0000000076fb3fff] usable
kernel: BIOS-e820: [mem 0x0000000076fb4000-0x00000000775bffff] reserved
kernel: BIOS-e820: [mem 0x00000000775c0000-0x000000007763cfff] ACPI data
kernel: BIOS-e820: [mem 0x000000007763d000-0x0000000077ac7fff] ACPI NVS
kernel: BIOS-e820: [mem 0x0000000077ac8000-0x00000000791fdfff] reserved
kernel: BIOS-e820: [mem 0x00000000791fe000-0x00000000791fefff] usable
kernel: BIOS-e820: [mem 0x00000000791ff000-0x000000007f7fffff] reserved
kernel: BIOS-e820: [mem 0x00000000e0000000-0x00000000efffffff] reserved
kernel: BIOS-e820: [mem 0x00000000fe000000-0x00000000fe010fff] reserved
kernel: BIOS-e820: [mem 0x00000000fec00000-0x00000000fec00fff] reserved
kernel: BIOS-e820: [mem 0x00000000fee00000-0x00000000fee00fff] reserved
kernel: BIOS-e820: [mem 0x00000000ff000000-0x00000000ffffffff] reserved
kernel: BIOS-e820: [mem 0x0000000100000000-0x000000057e7fffff] usable
kernel: NX (Execute Disable) protection: active
kernel: e820: update [mem 0x6703d018-0x6704b657] usable ==> usable
kernel: e820: update [mem 0x6703d018-0x6704b657] usable ==> usable
kernel: e820: update [mem 0x6702c018-0x6703c057] usable ==> usable
kernel: e820: update [mem 0x6702c018-0x6703c057] usable ==> usable
kernel: extended physical RAM map:
kernel: reserve setup_data: [mem 0x0000000000000000-0x000000000009dfff] usable
kernel: reserve setup_data: [mem 0x000000000009e000-0x000000000009efff] reserved
kernel: reserve setup_data: [mem 0x000000000009f000-0x000000000009ffff] usable
kernel: reserve setup_data: [mem 0x00000000000a0000-0x00000000000fffff] reserved
kernel: reserve setup_data: [mem 0x0000000000100000-0x000000003fffffff] usable
kernel: reserve setup_data: [mem 0x0000000040000000-0x00000000403fffff] reserved
kernel: reserve setup_data: [mem 0x0000000040400000-0x000000006702c017] usable
kernel: reserve setup_data: [mem 0x000000006702c018-0x000000006703c057] usable
kernel: reserve setup_data: [mem 0x000000006703c058-0x000000006703d017] usable
kernel: reserve setup_data: [mem 0x000000006703d018-0x000000006704b657] usable
kernel: reserve setup_data: [mem 0x000000006704b658-0x000000006d44bfff] usable
kernel: reserve setup_data: [mem 0x000000006d44c000-0x000000006d44cfff] ACPI NVS
kernel: reserve setup_data: [mem 0x000000006d44d000-0x000000006d44dfff] reserved
kernel: reserve setup_data: [mem 0x000000006d44e000-0x0000000076fb3fff] usable
kernel: reserve setup_data: [mem 0x0000000076fb4000-0x00000000775bffff] reserved
kernel: reserve setup_data: [mem 0x00000000775c0000-0x000000007763cfff] ACPI data
kernel: reserve setup_data: [mem 0x000000007763d000-0x0000000077ac7fff] ACPI NVS
kernel: reserve setup_data: [mem 0x0000000077ac8000-0x00000000791fdfff] reserved
kernel: reserve setup_data: [mem 0x00000000791fe000-0x00000000791fefff] usable
kernel: reserve setup_data: [mem 0x00000000791ff000-0x000000007f7fffff] reserved
kernel: reserve setup_data: [mem 0x00000000e0000000-0x00000000efffffff] reserved
kernel: reserve setup_data: [mem 0x00000000fe000000-0x00000000fe010fff] reserved
kernel: reserve setup_data: [mem 0x00000000fec00000-0x00000000fec00fff] reserved
kernel: reserve setup_data: [mem 0x00000000fee00000-0x00000000fee00fff] reserved
kernel: reserve setup_data: [mem 0x00000000ff000000-0x00000000ffffffff] reserved
kernel: reserve setup_data: [mem 0x0000000100000000-0x000000057e7fffff] usable
kernel: efi: EFI v2.70 by American Megatrends
kernel: efi: ACPI 2.0=0x775d9000 ACPI=0x775d9000 SMBIOS=0xf0000 SMBIOS 3.0=0xf0020 TPMFinalLog=0x77a27000 ESRT=0x78e25018 MEMATTR=0x72f55018 RNG=0x775d8018 TPMEventLog=0x6704c018 
kernel: efi: seeding entropy pool
kernel: random: crng init done
kernel: [Firmware Bug]: TPM Final Events table invalid
kernel: secureboot: Secure boot disabled
kernel: SMBIOS 3.2.1 present.
kernel: DMI: Dell Inc. G3 3590/0VFVNR, BIOS 1.11.1 08/19/2020
kernel: tsc: Detected 2400.000 MHz processor
kernel: e820: update [mem 0x00000000-0x00000fff] usable ==> reserved
kernel: e820: remove [mem 0x000a0000-0x000fffff] usable
kernel: last_pfn = 0x57e800 max_arch_pfn = 0x400000000
kernel: x86/PAT: Configuration [0-7]: WB  WC  UC- UC  WB  WP  UC- WT  
kernel: last_pfn = 0x791ff max_arch_pfn = 0x400000000
kernel: esrt: Reserving ESRT space from 0x0000000078e25018 to 0x0000000078e25050.
kernel: Using GB pages for direct mapping
kernel: secureboot: Secure boot disabled
kernel: RAMDISK: [mem 0x67055000-0x6af56fff]
kernel: ACPI: Early table checksum verification disabled
kernel: ACPI: RSDP 0x00000000775D9000 000024 (v02 DELL  )
kernel: ACPI: XSDT 0x00000000775D90C8 000114 (v01 DELL   CBX3     01072009 AMI  00010013)
kernel: ACPI: FACP 0x000000007761D668 000114 (v06 DELL   CBX3     01072009 AMI  00010013)
kernel: ACPI: DSDT 0x00000000775D9270 0443F6 (v02 DELL   CBX3     01072009 INTL 20160527)
kernel: ACPI: FACS 0x0000000077AC6C00 000040
kernel: ACPI: APIC 0x000000007761D780 0000BC (v04 DELL   CBX3     01072009 AMI  00010013)
kernel: ACPI: FPDT 0x000000007761D840 000044 (v01 DELL   CBX3     01072009 AMI  00010013)
kernel: ACPI: FIDT 0x000000007761D888 00009C (v01 DELL   CBX3     01072009 AMI  00010013)
kernel: ACPI: MCFG 0x000000007761D928 00003C (v01 DELL   CBX3     01072009 MSFT 00000097)
kernel: ACPI: SSDT 0x000000007761D968 001B1C (v02 CpuRef CpuSsdt  00003000 INTL 20160527)
kernel: ACPI: BOOT 0x000000007761F488 000028 (v01 DELL   CBX3     01072009 AMI  00010013)
kernel: ACPI: SSDT 0x000000007761F4B0 0031C6 (v02 SaSsdt SaSsdt   00003000 INTL 20160527)
kernel: ACPI: SSDT 0x0000000077622678 002875 (v02 PegSsd PegSsdt  00001000 INTL 20160527)
kernel: ACPI: HPET 0x0000000077624EF0 000038 (v01 DELL\x CBX3     00000002      01000013)
kernel: ACPI: SSDT 0x0000000077624F28 002C26 (v02 DELL\x CflH_Rvp 00001000 INTL 20160527)
kernel: ACPI: SSDT 0x0000000077627B50 004176 (v02 INTEL  xh_cfhd4 00000000 INTL 20160527)
kernel: ACPI: UEFI 0x000000007762BCC8 000042 (v01 DELL\x CBX3     00000002      01000013)
kernel: ACPI: LPIT 0x000000007762BD10 000094 (v01 DELL\x CBX3     00000002      01000013)
kernel: ACPI: WSMT 0x000000007762BDA8 000028 (v01 DELL   CBX3     00000002      01000013)
kernel: ACPI: SSDT 0x000000007762BDD0 000C2B (v02 DELL\x PtidDevc 00001000 INTL 20160527)
kernel: ACPI: SSDT 0x000000007762CA00 0014E2 (v02 DELL\x TbtTypeC 00000000 INTL 20160527)
kernel: ACPI: DBGP 0x000000007762DEE8 000034 (v01 DELL\x CBX3     00000002      01000013)
kernel: ACPI: DBG2 0x000000007762DF20 000054 (v00 DELL\x CBX3     00000002      01000013)
kernel: ACPI: SSDT 0x000000007762DF78 0007DD (v02 DELL\x UsbCTabl 00001000 INTL 20160527)
kernel: ACPI: SSDT 0x000000007762E758 0047A3 (v02 DptfTa DptfTabl 00001000 INTL 20160527)
kernel: ACPI: MSDM 0x0000000077632F00 000055 (v03 DELL   CBX3     06222004 AMI  00010013)
kernel: ACPI: SLIC 0x0000000077632F58 000176 (v03 DELL   CBX3     01072009 MSFT 00010013)
kernel: ACPI: DMAR 0x00000000776330D0 0000A8 (v01 INTEL  EDK2     00000002      01000013)
kernel: ACPI: SSDT 0x0000000077633178 000144 (v02 Intel  ADebTabl 00001000 INTL 20160527)
kernel: ACPI: SSDT 0x00000000776332C0 0000AE (v02 SgRef  SgPeg    00001000 INTL 20160527)
kernel: ACPI: NHLT 0x0000000077633370 00189E (v00 INTEL  EDK2     00000002      01000013)
kernel: ACPI: BGRT 0x0000000077634C10 000038 (v00                 01072009 AMI  00010013)
kernel: ACPI: TPM2 0x0000000077634C48 000034 (v04 DELL\x CBX3     00000001 AMI  00000000)
kernel: ACPI: SSDT 0x0000000077634C80 0024D2 (v01 OptRef OptTabl  00001000 INTL 20160527)
kernel: ACPI: Reserving FACP table memory at [mem 0x7761d668-0x7761d77b]
kernel: ACPI: Reserving DSDT table memory at [mem 0x775d9270-0x7761d665]
kernel: ACPI: Reserving FACS table memory at [mem 0x77ac6c00-0x77ac6c3f]
kernel: ACPI: Reserving APIC table memory at [mem 0x7761d780-0x7761d83b]
kernel: ACPI: Reserving FPDT table memory at [mem 0x7761d840-0x7761d883]
kernel: ACPI: Reserving FIDT table memory at [mem 0x7761d888-0x7761d923]
kernel: ACPI: Reserving MCFG table memory at [mem 0x7761d928-0x7761d963]
kernel: ACPI: Reserving SSDT table memory at [mem 0x7761d968-0x7761f483]
kernel: ACPI: Reserving BOOT table memory at [mem 0x7761f488-0x7761f4af]
kernel: ACPI: Reserving SSDT table memory at [mem 0x7761f4b0-0x77622675]
kernel: ACPI: Reserving SSDT table memory at [mem 0x77622678-0x77624eec]
kernel: ACPI: Reserving HPET table memory at [mem 0x77624ef0-0x77624f27]
kernel: ACPI: Reserving SSDT table memory at [mem 0x77624f28-0x77627b4d]
kernel: ACPI: Reserving SSDT table memory at [mem 0x77627b50-0x7762bcc5]
kernel: ACPI: Reserving UEFI table memory at [mem 0x7762bcc8-0x7762bd09]
kernel: ACPI: Reserving LPIT table memory at [mem 0x7762bd10-0x7762bda3]
kernel: ACPI: Reserving WSMT table memory at [mem 0x7762bda8-0x7762bdcf]
kernel: ACPI: Reserving SSDT table memory at [mem 0x7762bdd0-0x7762c9fa]
kernel: ACPI: Reserving SSDT table memory at [mem 0x7762ca00-0x7762dee1]
kernel: ACPI: Reserving DBGP table memory at [mem 0x7762dee8-0x7762df1b]
kernel: ACPI: Reserving DBG2 table memory at [mem 0x7762df20-0x7762df73]
kernel: ACPI: Reserving SSDT table memory at [mem 0x7762df78-0x7762e754]
kernel: ACPI: Reserving SSDT table memory at [mem 0x7762e758-0x77632efa]
kernel: ACPI: Reserving MSDM table memory at [mem 0x77632f00-0x77632f54]
kernel: ACPI: Reserving SLIC table memory at [mem 0x77632f58-0x776330cd]
kernel: ACPI: Reserving DMAR table memory at [mem 0x776330d0-0x77633177]
kernel: ACPI: Reserving SSDT table memory at [mem 0x77633178-0x776332bb]
kernel: ACPI: Reserving SSDT table memory at [mem 0x776332c0-0x7763336d]
kernel: ACPI: Reserving NHLT table memory at [mem 0x77633370-0x77634c0d]
kernel: ACPI: Reserving BGRT table memory at [mem 0x77634c10-0x77634c47]
kernel: ACPI: Reserving TPM2 table memory at [mem 0x77634c48-0x77634c7b]
kernel: ACPI: Reserving SSDT table memory at [mem 0x77634c80-0x77637151]
kernel: No NUMA configuration found
kernel: Faking a node at [mem 0x0000000000000000-0x000000057e7fffff]
kernel: NODE_DATA(0) allocated [mem 0x57e7d5000-0x57e7fffff]
kernel: Zone ranges:
kernel:   DMA      [mem 0x0000000000001000-0x0000000000ffffff]
kernel:   DMA32    [mem 0x0000000001000000-0x00000000ffffffff]
kernel:   Normal   [mem 0x0000000100000000-0x000000057e7fffff]
kernel:   Device   empty
kernel: Movable zone start for each node
kernel: Early memory node ranges
kernel:   node   0: [mem 0x0000000000001000-0x000000000009dfff]
kernel:   node   0: [mem 0x000000000009f000-0x000000000009ffff]
kernel:   node   0: [mem 0x0000000000100000-0x000000003fffffff]
kernel:   node   0: [mem 0x0000000040400000-0x000000006d44bfff]
kernel:   node   0: [mem 0x000000006d44e000-0x0000000076fb3fff]
kernel:   node   0: [mem 0x00000000791fe000-0x00000000791fefff]
kernel:   node   0: [mem 0x0000000100000000-0x000000057e7fffff]
kernel: Initmem setup node 0 [mem 0x0000000000001000-0x000000057e7fffff]
kernel: On node 0, zone DMA: 1 pages in unavailable ranges
kernel: On node 0, zone DMA: 1 pages in unavailable ranges
kernel: On node 0, zone DMA: 96 pages in unavailable ranges
kernel: On node 0, zone DMA32: 1024 pages in unavailable ranges
kernel: On node 0, zone DMA32: 2 pages in unavailable ranges
kernel: On node 0, zone DMA32: 8778 pages in unavailable ranges
kernel: On node 0, zone Normal: 28161 pages in unavailable ranges
kernel: On node 0, zone Normal: 6144 pages in unavailable ranges
kernel: Reserving Intel graphics memory at [mem 0x7b800000-0x7f7fffff]
kernel: ACPI: PM-Timer IO Port: 0x1808
kernel: ACPI: LAPIC_NMI (acpi_id[0x01] high edge lint[0x1])
kernel: ACPI: LAPIC_NMI (acpi_id[0x02] high edge lint[0x1])
kernel: ACPI: LAPIC_NMI (acpi_id[0x03] high edge lint[0x1])
kernel: ACPI: LAPIC_NMI (acpi_id[0x04] high edge lint[0x1])
kernel: ACPI: LAPIC_NMI (acpi_id[0x05] high edge lint[0x1])
kernel: ACPI: LAPIC_NMI (acpi_id[0x06] high edge lint[0x1])
kernel: ACPI: LAPIC_NMI (acpi_id[0x07] high edge lint[0x1])
kernel: ACPI: LAPIC_NMI (acpi_id[0x08] high edge lint[0x1])
kernel: IOAPIC[0]: apic_id 2, version 32, address 0xfec00000, GSI 0-119
kernel: ACPI: INT_SRC_OVR (bus 0 bus_irq 0 global_irq 2 dfl dfl)
kernel: ACPI: INT_SRC_OVR (bus 0 bus_irq 9 global_irq 9 high level)
kernel: ACPI: Using ACPI (MADT) for SMP configuration information
kernel: ACPI: HPET id: 0x8086a201 base: 0xfed00000
kernel: e820: update [mem 0x729b6000-0x72a3efff] usable ==> reserved
kernel: TSC deadline timer available
kernel: smpboot: Allowing 8 CPUs, 0 hotplug CPUs
kernel: PM: hibernation: Registered nosave memory: [mem 0x00000000-0x00000fff]
kernel: PM: hibernation: Registered nosave memory: [mem 0x0009e000-0x0009efff]
kernel: PM: hibernation: Registered nosave memory: [mem 0x000a0000-0x000fffff]
kernel: PM: hibernation: Registered nosave memory: [mem 0x40000000-0x403fffff]
kernel: PM: hibernation: Registered nosave memory: [mem 0x6702c000-0x6702cfff]
kernel: PM: hibernation: Registered nosave memory: [mem 0x6703c000-0x6703cfff]
kernel: PM: hibernation: Registered nosave memory: [mem 0x6703d000-0x6703dfff]
kernel: PM: hibernation: Registered nosave memory: [mem 0x6704b000-0x6704bfff]
kernel: PM: hibernation: Registered nosave memory: [mem 0x6d44c000-0x6d44cfff]
kernel: PM: hibernation: Registered nosave memory: [mem 0x6d44d000-0x6d44dfff]
kernel: PM: hibernation: Registered nosave memory: [mem 0x729b6000-0x72a3efff]
kernel: PM: hibernation: Registered nosave memory: [mem 0x76fb4000-0x775bffff]
kernel: PM: hibernation: Registered nosave memory: [mem 0x775c0000-0x7763cfff]
kernel: PM: hibernation: Registered nosave memory: [mem 0x7763d000-0x77ac7fff]
kernel: PM: hibernation: Registered nosave memory: [mem 0x77ac8000-0x791fdfff]
kernel: PM: hibernation: Registered nosave memory: [mem 0x791ff000-0x7f7fffff]
kernel: PM: hibernation: Registered nosave memory: [mem 0x7f800000-0xdfffffff]
kernel: PM: hibernation: Registered nosave memory: [mem 0xe0000000-0xefffffff]
kernel: PM: hibernation: Registered nosave memory: [mem 0xf0000000-0xfdffffff]
kernel: PM: hibernation: Registered nosave memory: [mem 0xfe000000-0xfe010fff]
kernel: PM: hibernation: Registered nosave memory: [mem 0xfe011000-0xfebfffff]
kernel: PM: hibernation: Registered nosave memory: [mem 0xfec00000-0xfec00fff]
kernel: PM: hibernation: Registered nosave memory: [mem 0xfec01000-0xfedfffff]
kernel: PM: hibernation: Registered nosave memory: [mem 0xfee00000-0xfee00fff]
kernel: PM: hibernation: Registered nosave memory: [mem 0xfee01000-0xfeffffff]
kernel: PM: hibernation: Registered nosave memory: [mem 0xff000000-0xffffffff]
kernel: [mem 0x7f800000-0xdfffffff] available for PCI devices
kernel: Booting paravirtualized kernel on bare hardware
kernel: clocksource: refined-jiffies: mask: 0xffffffff max_cycles: 0xffffffff, max_idle_ns: 7645519600211568 ns
kernel: setup_percpu: NR_CPUS:8192 nr_cpumask_bits:8 nr_cpu_ids:8 nr_node_ids:1
kernel: percpu: Embedded 61 pages/cpu s212992 r8192 d28672 u262144
kernel: pcpu-alloc: s212992 r8192 d28672 u262144 alloc=1*2097152
kernel: pcpu-alloc: [0] 0 1 2 3 4 5 6 7 
kernel: Fallback order for Node 0: 0 
kernel: Built 1 zonelists, mobility grouping on.  Total pages: 5117284
kernel: Policy zone: Normal
kernel: Kernel command line: BOOT_IMAGE=/vmlinuz-5.19.0-38-generic root=UUID=006bed72-2a64-4a76-8c3b-382ec11df920 ro quiet splash vt.handoff=7
kernel: Unknown kernel command line parameters "splash BOOT_IMAGE=/vmlinuz-5.19.0-38-generic", will be passed to user space.
kernel: Dentry cache hash table entries: 4194304 (order: 13, 33554432 bytes, linear)
kernel: Inode-cache hash table entries: 2097152 (order: 12, 16777216 bytes, linear)
kernel: mem auto-init: stack:off, heap alloc:on, heap free:off
kernel: Memory: 20190628K/20794692K available (18440K kernel code, 4050K rwdata, 11292K rodata, 3168K init, 4908K bss, 603804K reserved, 0K cma-reserved)
kernel: SLUB: HWalign=64, Order=0-3, MinObjects=0, CPUs=8, Nodes=1
kernel: Kernel/User page tables isolation: enabled
kernel: ftrace: allocating 52179 entries in 204 pages
kernel: ftrace: allocated 204 pages with 4 groups
kernel: Dynamic Preempt: voluntary
kernel: rcu: Preemptible hierarchical RCU implementation.
kernel: rcu:         RCU restricting CPUs from NR_CPUS=8192 to nr_cpu_ids=8.
kernel:         Trampoline variant of Tasks RCU enabled.
kernel:         Rude variant of Tasks RCU enabled.
kernel:         Tracing variant of Tasks RCU enabled.
kernel: rcu: RCU calculated value of scheduler-enlistment delay is 25 jiffies.
kernel: rcu: Adjusting geometry for rcu_fanout_leaf=16, nr_cpu_ids=8
kernel: NR_IRQS: 524544, nr_irqs: 2048, preallocated irqs: 16
kernel: rcu: srcu_init: Setting srcu_struct sizes based on contention.
kernel: Console: colour dummy device 80x25
kernel: printk: console [tty0] enabled
kernel: ACPI: Core revision 20220331
kernel: hpet: HPET dysfunctional in PC10. Force disabled.
kernel: APIC: Switch to symmetric I/O mode setup
kernel: DMAR: Host address width 39
kernel: DMAR: DRHD base: 0x000000fed90000 flags: 0x0
kernel: DMAR: dmar0: reg_base_addr fed90000 ver 1:0 cap 1c0000c40660462 ecap 19e2ff0505e
kernel: DMAR: DRHD base: 0x000000fed91000 flags: 0x1
kernel: DMAR: dmar1: reg_base_addr fed91000 ver 1:0 cap d2008c40660462 ecap f050da
kernel: DMAR: RMRR base: 0x0000007751d000 end: 0x0000007753cfff
kernel: DMAR: RMRR base: 0x0000007b000000 end: 0x0000007f7fffff
kernel: DMAR-IR: IOAPIC id 2 under DRHD base  0xfed91000 IOMMU 1
kernel: DMAR-IR: HPET id 0 under DRHD base 0xfed91000
kernel: DMAR-IR: Queued invalidation will be enabled to support x2apic and Intr-remapping.
kernel: DMAR-IR: Enabled IRQ remapping in x2apic mode
kernel: x2apic enabled
kernel: Switched APIC routing to cluster x2apic.
kernel: clocksource: tsc-early: mask: 0xffffffffffffffff max_cycles: 0x22983777dd9, max_idle_ns: 440795300422 ns
kernel: Calibrating delay loop (skipped), value calculated using timer frequency.. 4800.00 BogoMIPS (lpj=9600000)
kernel: pid_max: default: 32768 minimum: 301
kernel: LSM: Security Framework initializing
kernel: landlock: Up and running.
kernel: Yama: becoming mindful.
kernel: AppArmor: AppArmor initialized
kernel: Mount-cache hash table entries: 65536 (order: 7, 524288 bytes, linear)
kernel: Mountpoint-cache hash table entries: 65536 (order: 7, 524288 bytes, linear)
kernel: x86/cpu: SGX disabled by BIOS.
kernel: CPU0: Thermal monitoring enabled (TM1)
kernel: process: using mwait in idle threads
kernel: Last level iTLB entries: 4KB 64, 2MB 8, 4MB 8
kernel: Last level dTLB entries: 4KB 64, 2MB 0, 4MB 0, 1GB 4
kernel: Spectre V1 : Mitigation: usercopy/swapgs barriers and __user pointer sanitization
kernel: Spectre V2 : Mitigation: IBRS
kernel: Spectre V2 : Spectre v2 / SpectreRSB mitigation: Filling RSB on context switch
kernel: Spectre V2 : Spectre v2 / SpectreRSB : Filling RSB on VMEXIT
kernel: RETBleed: Mitigation: IBRS
kernel: Spectre V2 : mitigation: Enabling conditional Indirect Branch Prediction Barrier
kernel: Speculative Store Bypass: Mitigation: Speculative Store Bypass disabled via prctl
kernel: MDS: Mitigation: Clear CPU buffers
kernel: MMIO Stale Data: Mitigation: Clear CPU buffers
kernel: SRBDS: Mitigation: Microcode
kernel: Freeing SMP alternatives memory: 44K
kernel: smpboot: CPU0: Intel(R) Core(TM) i5-9300H CPU @ 2.40GHz (family: 0x6, model: 0x9e, stepping: 0xa)
kernel: cblist_init_generic: Setting adjustable number of callback queues.
kernel: cblist_init_generic: Setting shift to 3 and lim to 1.
kernel: cblist_init_generic: Setting shift to 3 and lim to 1.
kernel: cblist_init_generic: Setting shift to 3 and lim to 1.
kernel: Performance Events: PEBS fmt3+, Skylake events, 32-deep LBR, full-width counters, Intel PMU driver.
kernel: ... version:                4
kernel: ... bit width:              48
kernel: ... generic registers:      4
kernel: ... value mask:             0000ffffffffffff
kernel: ... max period:             00007fffffffffff
kernel: ... fixed-purpose events:   3
kernel: ... event mask:             000000070000000f
kernel: Estimated ratio of average max frequency by base frequency (times 1024): 1706
kernel: rcu: Hierarchical SRCU implementation.
kernel: rcu:         Max phase no-delay instances is 1000.
kernel: NMI watchdog: Enabled. Permanently consumes one hw-PMU counter.
kernel: smp: Bringing up secondary CPUs ...
kernel: x86: Booting SMP configuration:
kernel: .... node  #0, CPUs:      #1 #2 #3 #4
kernel: MDS CPU bug present and SMT on, data leak possible. See https://www.kernel.org/doc/html/latest/admin-guide/hw-vuln/mds.html for more details.
kernel: MMIO Stale Data CPU bug present and SMT on, data leak possible. See https://www.kernel.org/doc/html/latest/admin-guide/hw-vuln/processor_mmio_stale_data.html for more details.
kernel:  #5 #6 #7
kernel: smp: Brought up 1 node, 8 CPUs
kernel: smpboot: Max logical packages: 1
kernel: smpboot: Total of 8 processors activated (38400.00 BogoMIPS)
kernel: devtmpfs: initialized
kernel: x86/mm: Memory block size: 128MB
kernel: ACPI: PM: Registering ACPI NVS region [mem 0x6d44c000-0x6d44cfff] (4096 bytes)
kernel: ACPI: PM: Registering ACPI NVS region [mem 0x7763d000-0x77ac7fff] (4763648 bytes)
kernel: clocksource: jiffies: mask: 0xffffffff max_cycles: 0xffffffff, max_idle_ns: 7645041785100000 ns
kernel: futex hash table entries: 2048 (order: 5, 131072 bytes, linear)
kernel: pinctrl core: initialized pinctrl subsystem
kernel: PM: RTC time: 16:41:29, date: 2023-06-30
kernel: NET: Registered PF_NETLINK/PF_ROUTE protocol family
kernel: DMA: preallocated 4096 KiB GFP_KERNEL pool for atomic allocations
kernel: DMA: preallocated 4096 KiB GFP_KERNEL|GFP_DMA pool for atomic allocations
kernel: DMA: preallocated 4096 KiB GFP_KERNEL|GFP_DMA32 pool for atomic allocations
kernel: audit: initializing netlink subsys (disabled)
kernel: audit: type=2000 audit(1688143289.008:1): state=initialized audit_enabled=0 res=1
kernel: thermal_sys: Registered thermal governor 'fair_share'
kernel: thermal_sys: Registered thermal governor 'bang_bang'
kernel: thermal_sys: Registered thermal governor 'step_wise'
kernel: thermal_sys: Registered thermal governor 'user_space'
kernel: thermal_sys: Registered thermal governor 'power_allocator'
kernel: EISA bus registered
kernel: cpuidle: using governor ladder
kernel: cpuidle: using governor menu
kernel: Simple Boot Flag at 0x47 set to 0x80
kernel: HugeTLB: can optimize 4095 vmemmap pages for hugepages-1048576kB
kernel: ACPI FADT declares the system doesn't support PCIe ASPM, so disable it
kernel: acpiphp: ACPI Hot Plug PCI Controller Driver version: 0.5
kernel: PCI: MMCONFIG for domain 0000 [bus 00-ff] at [mem 0xe0000000-0xefffffff] (base 0xe0000000)
kernel: PCI: MMCONFIG at [mem 0xe0000000-0xefffffff] reserved in E820
kernel: PCI: Using configuration type 1 for base access
kernel: ENERGY_PERF_BIAS: Set to 'normal', was 'performance'
kernel: kprobes: kprobe jump-optimization is enabled. All kprobes are optimized if possible.
kernel: HugeTLB: can optimize 7 vmemmap pages for hugepages-2048kB
kernel: HugeTLB registered 1.00 GiB page size, pre-allocated 0 pages
kernel: HugeTLB registered 2.00 MiB page size, pre-allocated 0 pages
kernel: fbcon: Taking over console
kernel: ACPI: Added _OSI(Module Device)
kernel: ACPI: Added _OSI(Processor Device)
kernel: ACPI: Added _OSI(3.0 _SCP Extensions)
kernel: ACPI: Added _OSI(Processor Aggregator Device)
kernel: ACPI: Added _OSI(Linux-Dell-Video)
kernel: ACPI: Added _OSI(Linux-Lenovo-NV-HDMI-Audio)
kernel: ACPI: Added _OSI(Linux-HPI-Hybrid-Graphics)
kernel: ACPI: 13 ACPI AML tables successfully acquired and loaded
kernel: ACPI: [Firmware Bug]: BIOS _OSI(Linux) query ignored
kernel: ACPI: Dynamic OEM Table Load:
kernel: ACPI: SSDT 0xFFFF9AB6013E8500 0000F4 (v02 PmRef  Cpu0Psd  00003000 INTL 20160527)
kernel: ACPI: \_SB_.PR00: _OSC native thermal LVT Acked
kernel: ACPI: Dynamic OEM Table Load:
kernel: ACPI: SSDT 0xFFFF9AB600EAF800 000434 (v02 PmRef  Cpu0Cst  00003001 INTL 20160527)
kernel: ACPI: Dynamic OEM Table Load:
kernel: ACPI: SSDT 0xFFFF9AB600EA9800 00053F (v02 PmRef  Cpu0Ist  00003000 INTL 20160527)
kernel: ACPI: Dynamic OEM Table Load:
kernel: ACPI: SSDT 0xFFFF9AB6015B2400 00011B (v02 PmRef  Cpu0Hwp  00003000 INTL 20160527)
kernel: ACPI: Dynamic OEM Table Load:
kernel: ACPI: SSDT 0xFFFF9AB600EAA800 000724 (v02 PmRef  HwpLvt   00003000 INTL 20160527)
kernel: ACPI: Dynamic OEM Table Load:
kernel: ACPI: SSDT 0xFFFF9AB600EAC800 0005FC (v02 PmRef  ApIst    00003000 INTL 20160527)
kernel: ACPI: Dynamic OEM Table Load:
kernel: ACPI: SSDT 0xFFFF9AB600EA0C00 000317 (v02 PmRef  ApHwp    00003000 INTL 20160527)
kernel: ACPI: Dynamic OEM Table Load:
kernel: ACPI: SSDT 0xFFFF9AB600E9C000 000AB0 (v02 PmRef  ApPsd    00003000 INTL 20160527)
kernel: ACPI: Dynamic OEM Table Load:
kernel: ACPI: SSDT 0xFFFF9AB600EA5400 00030A (v02 PmRef  ApCst    00003000 INTL 20160527)
kernel: ACPI: EC: EC started
kernel: ACPI: EC: interrupt blocked
kernel: ACPI: EC: EC_CMD/EC_SC=0x934, EC_DATA=0x930
kernel: ACPI: \_SB_.PCI0.LPCB.ECDV: Boot DSDT EC used to handle transactions
kernel: ACPI: Interpreter enabled
kernel: ACPI: PM: (supports S0 S3 S4 S5)
kernel: ACPI: Using IOAPIC for interrupt routing
kernel: PCI: Using host bridge windows from ACPI; if necessary, use "pci=nocrs" and report a bug
kernel: PCI: Using E820 reservations for host bridge windows
kernel: ACPI: Enabled 10 GPEs in block 00 to 7F
kernel: ACPI: PM: Power Resource [PG00]
kernel: ACPI: PM: Power Resource [PXP]
kernel: ACPI: PM: Power Resource [PXP]
kernel: ACPI: PM: Power Resource [USBC]
kernel: ACPI: PM: Power Resource [PAUD]
kernel: ACPI: PM: Power Resource [V0PR]
kernel: ACPI: PM: Power Resource [V1PR]
kernel: ACPI: PM: Power Resource [V2PR]
kernel: ACPI: PM: Power Resource [PXTC]
kernel: ACPI: PM: Power Resource [PXTC]
kernel: ACPI: PM: Power Resource [WRST]
kernel: ACPI: PM: Power Resource [PIN]
kernel: ACPI: PCI Root Bridge [PCI0] (domain 0000 [bus 00-fe])
kernel: acpi PNP0A08:00: _OSC: OS supports [ExtendedConfig ASPM ClockPM Segments MSI EDR HPX-Type3]
kernel: acpi PNP0A08:00: _OSC: OS now controls [PCIeHotplug SHPCHotplug PME AER PCIeCapability LTR DPC]
kernel: acpi PNP0A08:00: FADT indicates ASPM is unsupported, using BIOS configuration
kernel: PCI host bridge to bus 0000:00
kernel: pci_bus 0000:00: root bus resource [io  0x0000-0x0cf7 window]
kernel: pci_bus 0000:00: root bus resource [io  0x0d00-0xffff window]
kernel: pci_bus 0000:00: root bus resource [mem 0x000a0000-0x000dffff window]
kernel: pci_bus 0000:00: root bus resource [mem 0x7f800000-0xdfffffff window]
kernel: pci_bus 0000:00: root bus resource [mem 0xfc800000-0xfe7fffff window]
kernel: pci_bus 0000:00: root bus resource [bus 00-fe]
kernel: pci 0000:00:00.0: [8086:3e10] type 00 class 0x060000
kernel: pci 0000:00:01.0: [8086:1901] type 01 class 0x060400
kernel: pci 0000:00:01.0: PME# supported from D0 D3hot D3cold
kernel: pci 0000:00:02.0: [8086:3e9b] type 00 class 0x030000
kernel: pci 0000:00:02.0: reg 0x10: [mem 0xa4000000-0xa4ffffff 64bit]
kernel: pci 0000:00:02.0: reg 0x18: [mem 0x80000000-0x8fffffff 64bit pref]
kernel: pci 0000:00:02.0: reg 0x20: [io  0x5000-0x503f]
kernel: pci 0000:00:02.0: BAR 2: assigned to efifb
kernel: pci 0000:00:02.0: Video device with shadowed ROM at [mem 0x000c0000-0x000dffff]
kernel: pci 0000:00:04.0: [8086:1903] type 00 class 0x118000
kernel: pci 0000:00:04.0: reg 0x10: [mem 0xa5410000-0xa5417fff 64bit]
kernel: pci 0000:00:08.0: [8086:1911] type 00 class 0x088000
kernel: pci 0000:00:08.0: reg 0x10: [mem 0xa5429000-0xa5429fff 64bit]
kernel: pci 0000:00:12.0: [8086:a379] type 00 class 0x118000
kernel: pci 0000:00:12.0: reg 0x10: [mem 0xa5428000-0xa5428fff 64bit]
kernel: pci 0000:00:14.0: [8086:a36d] type 00 class 0x0c0330
kernel: pci 0000:00:14.0: reg 0x10: [mem 0xa5400000-0xa540ffff 64bit]
kernel: pci 0000:00:14.0: PME# supported from D3hot D3cold
kernel: pci 0000:00:14.2: [8086:a36f] type 00 class 0x050000
kernel: pci 0000:00:14.2: reg 0x10: [mem 0xa541e000-0xa541ffff 64bit]
kernel: pci 0000:00:14.2: reg 0x18: [mem 0xa5427000-0xa5427fff 64bit]
kernel: pci 0000:00:15.0: [8086:a368] type 00 class 0x0c8000
kernel: pci 0000:00:15.0: reg 0x10: [mem 0xa5426000-0xa5426fff 64bit]
kernel: pci 0000:00:15.0: reg 0x18: [mem 0xa5425000-0xa5425fff 64bit]
kernel: pci 0000:00:15.1: [8086:a369] type 00 class 0x0c8000
kernel: pci 0000:00:15.1: reg 0x10: [mem 0x00000000-0x00000fff 64bit]
kernel: pci 0000:00:16.0: [8086:a360] type 00 class 0x078000
kernel: pci 0000:00:16.0: reg 0x10: [mem 0xa5423000-0xa5423fff 64bit]
kernel: pci 0000:00:16.0: PME# supported from D3hot
kernel: pci 0000:00:17.0: [8086:a353] type 00 class 0x010601
kernel: pci 0000:00:17.0: reg 0x10: [mem 0xa541c000-0xa541dfff]
kernel: pci 0000:00:17.0: reg 0x14: [mem 0xa5422000-0xa54220ff]
kernel: pci 0000:00:17.0: reg 0x18: [io  0x5090-0x5097]
kernel: pci 0000:00:17.0: reg 0x1c: [io  0x5080-0x5083]
kernel: pci 0000:00:17.0: reg 0x20: [io  0x5060-0x507f]
kernel: pci 0000:00:17.0: reg 0x24: [mem 0xa5421000-0xa54217ff]
kernel: pci 0000:00:17.0: PME# supported from D3hot
kernel: pci 0000:00:1d.0: [8086:a330] type 01 class 0x060400
kernel: pci 0000:00:1d.0: PME# supported from D0 D3hot D3cold
kernel: pci 0000:00:1d.0: PTM enabled (root), 4ns granularity
kernel: pci 0000:00:1d.5: [8086:a335] type 01 class 0x060400
kernel: pci 0000:00:1d.5: PME# supported from D0 D3hot D3cold
kernel: pci 0000:00:1d.5: PTM enabled (root), 4ns granularity
kernel: pci 0000:00:1d.6: [8086:a336] type 01 class 0x060400
kernel: pci 0000:00:1d.6: PME# supported from D0 D3hot D3cold
kernel: pci 0000:00:1d.6: PTM enabled (root), 4ns granularity
kernel: pci 0000:00:1f.0: [8086:a30d] type 00 class 0x060100
kernel: pci 0000:00:1f.3: [8086:a348] type 00 class 0x040100
kernel: pci 0000:00:1f.3: reg 0x10: [mem 0xa5418000-0xa541bfff 64bit]
kernel: pci 0000:00:1f.3: reg 0x20: [mem 0xa5000000-0xa50fffff 64bit]
kernel: pci 0000:00:1f.3: PME# supported from D3hot D3cold
kernel: pci 0000:00:1f.4: [8086:a323] type 00 class 0x0c0500
kernel: pci 0000:00:1f.4: reg 0x10: [mem 0xa5420000-0xa54200ff 64bit]
kernel: pci 0000:00:1f.4: reg 0x20: [io  0xefa0-0xefbf]
kernel: pci 0000:00:1f.5: [8086:a324] type 00 class 0x0c8000
kernel: pci 0000:00:1f.5: reg 0x10: [mem 0xfe010000-0xfe010fff]
kernel: pci 0000:01:00.0: [10de:1f91] type 00 class 0x030000
kernel: pci 0000:01:00.0: reg 0x10: [mem 0xa2000000-0xa2ffffff]
kernel: pci 0000:01:00.0: reg 0x14: [mem 0x90000000-0x9fffffff 64bit pref]
kernel: pci 0000:01:00.0: reg 0x1c: [mem 0xa0000000-0xa1ffffff 64bit pref]
kernel: pci 0000:01:00.0: reg 0x24: [io  0x4000-0x407f]
kernel: pci 0000:01:00.0: reg 0x30: [mem 0xa3000000-0xa307ffff pref]
kernel: pci 0000:01:00.0: PME# supported from D0 D3hot
kernel: pci 0000:01:00.0: 63.008 Gb/s available PCIe bandwidth, limited by 8.0 GT/s PCIe x8 link at 0000:00:01.0 (capable of 126.016 Gb/s with 8.0 GT/s PCIe x16 link)
kernel: pci 0000:01:00.1: [10de:10fa] type 00 class 0x040300
kernel: pci 0000:01:00.1: reg 0x10: [mem 0xa3080000-0xa3083fff]
kernel: pci 0000:00:01.0: PCI bridge to [bus 01]
kernel: pci 0000:00:01.0:   bridge window [io  0x4000-0x4fff]
kernel: pci 0000:00:01.0:   bridge window [mem 0x90000000-0xa30fffff]
kernel: pci 0000:02:00.0: [1c5c:1327] type 00 class 0x010802
kernel: pci 0000:02:00.0: reg 0x10: [mem 0xa5300000-0xa5303fff 64bit]
kernel: pci 0000:02:00.0: supports D1
kernel: pci 0000:02:00.0: PME# supported from D0 D1 D3hot
kernel: pci 0000:00:1d.0: PCI bridge to [bus 02]
kernel: pci 0000:00:1d.0:   bridge window [mem 0xa5300000-0xa53fffff]
kernel: pci 0000:03:00.0: [10ec:8168] type 00 class 0x020000
kernel: pci 0000:03:00.0: reg 0x10: [io  0x3000-0x30ff]
kernel: pci 0000:03:00.0: reg 0x18: [mem 0xa5204000-0xa5204fff 64bit]
kernel: pci 0000:03:00.0: reg 0x20: [mem 0xa5200000-0xa5203fff 64bit]
kernel: pci 0000:03:00.0: supports D1 D2
kernel: pci 0000:03:00.0: PME# supported from D0 D1 D2 D3hot D3cold
kernel: pci 0000:00:1d.5: PCI bridge to [bus 03]
kernel: pci 0000:00:1d.5:   bridge window [io  0x3000-0x3fff]
kernel: pci 0000:00:1d.5:   bridge window [mem 0xa5200000-0xa52fffff]
kernel: pci 0000:04:00.0: [8086:2725] type 00 class 0x028000
kernel: pci 0000:04:00.0: reg 0x10: [mem 0xa5100000-0xa5103fff 64bit]
kernel: pci 0000:04:00.0: PME# supported from D0 D3hot D3cold
kernel: pci 0000:00:1d.6: PCI bridge to [bus 04]
kernel: pci 0000:00:1d.6:   bridge window [mem 0xa5100000-0xa51fffff]
kernel: ACPI: PCI: Interrupt link LNKA configured for IRQ 0
kernel: ACPI: PCI: Interrupt link LNKB configured for IRQ 1
kernel: ACPI: PCI: Interrupt link LNKC configured for IRQ 0
kernel: ACPI: PCI: Interrupt link LNKD configured for IRQ 0
kernel: ACPI: PCI: Interrupt link LNKE configured for IRQ 0
kernel: ACPI: PCI: Interrupt link LNKF configured for IRQ 0
kernel: ACPI: PCI: Interrupt link LNKG configured for IRQ 0
kernel: ACPI: PCI: Interrupt link LNKH configured for IRQ 0
kernel: ACPI: EC: interrupt unblocked
kernel: ACPI: EC: event unblocked
kernel: ACPI: EC: EC_CMD/EC_SC=0x934, EC_DATA=0x930
kernel: ACPI: EC: GPE=0x6e
kernel: ACPI: \_SB_.PCI0.LPCB.ECDV: Boot DSDT EC initialization complete
kernel: ACPI: \_SB_.PCI0.LPCB.ECDV: EC: Used to handle transactions and events
kernel: iommu: Default domain type: Translated 
kernel: iommu: DMA domain TLB invalidation policy: lazy mode 
kernel: SCSI subsystem initialized
kernel: libata version 3.00 loaded.
kernel: ACPI: bus type USB registered
kernel: usbcore: registered new interface driver usbfs
kernel: usbcore: registered new interface driver hub
kernel: usbcore: registered new device driver usb
kernel: pps_core: LinuxPPS API ver. 1 registered
kernel: pps_core: Software ver. 5.3.6 - Copyright 2005-2007 Rodolfo Giometti <giometti@linux.it>
kernel: PTP clock support registered
kernel: EDAC MC: Ver: 3.0.0
kernel: Registered efivars operations
kernel: NetLabel: Initializing
kernel: NetLabel:  domain hash size = 128
kernel: NetLabel:  protocols = UNLABELED CIPSOv4 CALIPSO
kernel: NetLabel:  unlabeled traffic allowed by default
kernel: mctp: management component transport protocol core
kernel: NET: Registered PF_MCTP protocol family
kernel: PCI: Using ACPI for IRQ routing
kernel: PCI: pci_cache_line_size set to 64 bytes
kernel: e820: reserve RAM buffer [mem 0x0009e000-0x0009ffff]
kernel: e820: reserve RAM buffer [mem 0x6702c018-0x67ffffff]
kernel: e820: reserve RAM buffer [mem 0x6703d018-0x67ffffff]
kernel: e820: reserve RAM buffer [mem 0x6d44c000-0x6fffffff]
kernel: e820: reserve RAM buffer [mem 0x729b6000-0x73ffffff]
kernel: e820: reserve RAM buffer [mem 0x76fb4000-0x77ffffff]
kernel: e820: reserve RAM buffer [mem 0x791ff000-0x7bffffff]
kernel: e820: reserve RAM buffer [mem 0x57e800000-0x57fffffff]
kernel: pci 0000:00:02.0: vgaarb: setting as boot VGA device
kernel: pci 0000:00:02.0: vgaarb: bridge control possible
kernel: pci 0000:00:02.0: vgaarb: VGA device added: decodes=io+mem,owns=io+mem,locks=none
kernel: pci 0000:01:00.0: vgaarb: bridge control possible
kernel: pci 0000:01:00.0: vgaarb: VGA device added: decodes=io+mem,owns=none,locks=none
kernel: vgaarb: loaded
kernel: clocksource: Switched to clocksource tsc-early
kernel: VFS: Disk quotas dquot_6.6.0
kernel: VFS: Dquot-cache hash table entries: 512 (order 0, 4096 bytes)
kernel: AppArmor: AppArmor Filesystem Enabled
kernel: pnp: PnP ACPI init
kernel: system 00:00: [mem 0x40000000-0x403fffff] has been reserved
kernel: system 00:01: [io  0x0680-0x069f] has been reserved
kernel: system 00:01: [io  0x164e-0x164f] has been reserved
kernel: system 00:02: [io  0x1854-0x1857] has been reserved
kernel: system 00:05: [mem 0xfed10000-0xfed17fff] has been reserved
kernel: system 00:05: [mem 0xfed18000-0xfed18fff] has been reserved
kernel: system 00:05: [mem 0xfed19000-0xfed19fff] has been reserved
kernel: system 00:05: [mem 0xe0000000-0xefffffff] has been reserved
kernel: system 00:05: [mem 0xfed20000-0xfed3ffff] has been reserved
kernel: system 00:05: [mem 0xfed90000-0xfed93fff] could not be reserved
kernel: system 00:05: [mem 0xfed45000-0xfed8ffff] has been reserved
kernel: system 00:05: [mem 0xfee00000-0xfeefffff] could not be reserved
kernel: system 00:06: [io  0x1800-0x18fe] could not be reserved
kernel: system 00:06: [mem 0xfd000000-0xfd69ffff] has been reserved
kernel: system 00:06: [mem 0xfd6c0000-0xfd6cffff] has been reserved
kernel: system 00:06: [mem 0xfd6f0000-0xfdffffff] has been reserved
kernel: system 00:06: [mem 0xfe000000-0xfe01ffff] could not be reserved
kernel: system 00:06: [mem 0xfe200000-0xfe7fffff] has been reserved
kernel: system 00:06: [mem 0xff000000-0xffffffff] has been reserved
kernel: system 00:07: [io  0x2000-0x20fe] has been reserved
kernel: pnp: PnP ACPI: found 9 devices
kernel: clocksource: acpi_pm: mask: 0xffffff max_cycles: 0xffffff, max_idle_ns: 2085701024 ns
kernel: NET: Registered PF_INET protocol family
kernel: IP idents hash table entries: 262144 (order: 9, 2097152 bytes, linear)
kernel: tcp_listen_portaddr_hash hash table entries: 16384 (order: 6, 262144 bytes, linear)
kernel: Table-perturb hash table entries: 65536 (order: 6, 262144 bytes, linear)
kernel: TCP established hash table entries: 262144 (order: 9, 2097152 bytes, linear)
kernel: TCP bind hash table entries: 65536 (order: 8, 1048576 bytes, linear)
kernel: TCP: Hash tables configured (established 262144 bind 65536)
kernel: MPTCP token hash table entries: 32768 (order: 7, 786432 bytes, linear)
kernel: UDP hash table entries: 16384 (order: 7, 524288 bytes, linear)
kernel: UDP-Lite hash table entries: 16384 (order: 7, 524288 bytes, linear)
kernel: NET: Registered PF_UNIX/PF_LOCAL protocol family
kernel: NET: Registered PF_XDP protocol family
kernel: clipped [mem size 0x00040000 64bit] to [mem size 0xfffffffffffe0000 64bit] for e820 entry [mem 0x000a0000-0x000fffff]
kernel: pci 0000:00:15.1: BAR 0: assigned [mem 0x7f800000-0x7f800fff 64bit]
kernel: pci 0000:00:01.0: PCI bridge to [bus 01]
kernel: pci 0000:00:01.0:   bridge window [io  0x4000-0x4fff]
kernel: pci 0000:00:01.0:   bridge window [mem 0x90000000-0xa30fffff]
kernel: pci 0000:00:1d.0: PCI bridge to [bus 02]
kernel: pci 0000:00:1d.0:   bridge window [mem 0xa5300000-0xa53fffff]
kernel: pci 0000:00:1d.5: PCI bridge to [bus 03]
kernel: pci 0000:00:1d.5:   bridge window [io  0x3000-0x3fff]
kernel: pci 0000:00:1d.5:   bridge window [mem 0xa5200000-0xa52fffff]
kernel: pci 0000:00:1d.6: PCI bridge to [bus 04]
kernel: pci 0000:00:1d.6:   bridge window [mem 0xa5100000-0xa51fffff]
kernel: pci_bus 0000:00: resource 4 [io  0x0000-0x0cf7 window]
kernel: pci_bus 0000:00: resource 5 [io  0x0d00-0xffff window]
kernel: pci_bus 0000:00: resource 6 [mem 0x000a0000-0x000dffff window]
kernel: pci_bus 0000:00: resource 7 [mem 0x7f800000-0xdfffffff window]
kernel: pci_bus 0000:00: resource 8 [mem 0xfc800000-0xfe7fffff window]
kernel: pci_bus 0000:01: resource 0 [io  0x4000-0x4fff]
kernel: pci_bus 0000:01: resource 1 [mem 0x90000000-0xa30fffff]
kernel: pci_bus 0000:02: resource 1 [mem 0xa5300000-0xa53fffff]
kernel: pci_bus 0000:03: resource 0 [io  0x3000-0x3fff]
kernel: pci_bus 0000:03: resource 1 [mem 0xa5200000-0xa52fffff]
kernel: pci_bus 0000:04: resource 1 [mem 0xa5100000-0xa51fffff]
kernel: pci 0000:01:00.1: D0 power state depends on 0000:01:00.0
kernel: PCI: CLS 64 bytes, default 64
kernel: PCI-DMA: Using software bounce buffering for IO (SWIOTLB)
kernel: software IO TLB: mapped [mem 0x000000006e9b6000-0x00000000729b6000] (64MB)
kernel: Trying to unpack rootfs image as initramfs...
kernel: platform rtc_cmos: registered platform RTC device (no PNP device found)
kernel: Initialise system trusted keyrings
kernel: Key type blacklist registered
kernel: workingset: timestamp_bits=36 max_order=23 bucket_order=0
kernel: zbud: loaded
kernel: squashfs: version 4.0 (2009/01/31) Phillip Lougher
kernel: fuse: init (API version 7.36)
kernel: integrity: Platform Keyring initialized
kernel: integrity: Machine keyring initialized
kernel: Key type asymmetric registered
kernel: Asymmetric key parser 'x509' registered
kernel: Freeing initrd memory: 64520K
kernel: alg: self-tests for CTR-KDF (hmac(sha256)) passed
kernel: Block layer SCSI generic (bsg) driver version 0.4 loaded (major 243)
kernel: io scheduler mq-deadline registered
kernel: pcieport 0000:00:01.0: PME: Signaling with IRQ 122
kernel: pcieport 0000:00:1d.0: PME: Signaling with IRQ 123
kernel: pcieport 0000:00:1d.0: AER: enabled with IRQ 123
kernel: pcieport 0000:00:1d.0: DPC: enabled with IRQ 123
kernel: pcieport 0000:00:1d.0: DPC: error containment capabilities: Int Msg #0, RPExt+ PoisonedTLP+ SwTrigger+ RP PIO Log 4, DL_ActiveErr+
kernel: pcieport 0000:00:1d.5: PME: Signaling with IRQ 124
kernel: pcieport 0000:00:1d.5: AER: enabled with IRQ 124
kernel: pcieport 0000:00:1d.5: DPC: enabled with IRQ 124
kernel: pcieport 0000:00:1d.5: DPC: error containment capabilities: Int Msg #0, RPExt+ PoisonedTLP+ SwTrigger+ RP PIO Log 4, DL_ActiveErr+
kernel: pcieport 0000:00:1d.6: PME: Signaling with IRQ 125
kernel: pcieport 0000:00:1d.6: AER: enabled with IRQ 125
kernel: pcieport 0000:00:1d.6: DPC: enabled with IRQ 125
kernel: pcieport 0000:00:1d.6: DPC: error containment capabilities: Int Msg #0, RPExt+ PoisonedTLP+ SwTrigger+ RP PIO Log 4, DL_ActiveErr+
kernel: shpchp: Standard Hot Plug PCI Controller Driver version: 0.4
kernel: ACPI: AC: AC Adapter [AC] (on-line)
kernel: input: Lid Switch as /devices/LNXSYSTM:00/LNXSYBUS:00/PNP0C0D:00/input/input0
kernel: ACPI: button: Lid Switch [LID0]
kernel: input: Power Button as /devices/LNXSYSTM:00/LNXSYBUS:00/PNP0C0C:00/input/input1
kernel: ACPI: button: Power Button [PBTN]
kernel: input: Sleep Button as /devices/LNXSYSTM:00/LNXSYBUS:00/PNP0C0E:00/input/input2
kernel: ACPI: button: Sleep Button [SBTN]
kernel: thermal LNXTHERM:00: registered as thermal_zone0
kernel: ACPI: thermal: Thermal Zone [THM] (25 C)
kernel: Serial: 8250/16550 driver, 32 ports, IRQ sharing enabled
kernel: hpet_acpi_add: no address or irqs in _CRS
kernel: Linux agpgart interface v0.103
kernel: loop: module loaded
kernel: tun: Universal TUN/TAP device driver, 1.6
kernel: PPP generic driver version 2.4.2
kernel: VFIO - User Level meta-driver version: 0.3
kernel: ehci_hcd: USB 2.0 'Enhanced' Host Controller (EHCI) Driver
kernel: ehci-pci: EHCI PCI platform driver
kernel: ehci-platform: EHCI generic platform driver
kernel: ohci_hcd: USB 1.1 'Open' Host Controller (OHCI) Driver
kernel: ohci-pci: OHCI PCI platform driver
kernel: ohci-platform: OHCI generic platform driver
kernel: uhci_hcd: USB Universal Host Controller Interface driver
kernel: i8042: PNP: PS/2 Controller [PNP0303:PS2K,PNP0f13:PS2M] at 0x60,0x64 irq 1,12
kernel: i8042: Warning: Keylock active
kernel: serio: i8042 KBD port at 0x60,0x64 irq 1
kernel: serio: i8042 AUX port at 0x60,0x64 irq 12
kernel: mousedev: PS/2 mouse device common for all mice
kernel: rtc_cmos rtc_cmos: RTC can wake from S4
kernel: input: AT Translated Set 2 keyboard as /devices/platform/i8042/serio0/input/input3
kernel: rtc_cmos rtc_cmos: registered as rtc0
kernel: rtc_cmos rtc_cmos: setting system clock to 2023-06-30T16:41:30 UTC (1688143290)
kernel: rtc_cmos rtc_cmos: alarms up to one month, y3k, 114 bytes nvram
kernel: i2c_dev: i2c /dev entries driver
kernel: device-mapper: core: CONFIG_IMA_DISABLE_HTABLE is disabled. Duplicate IMA measurements will not be recorded in the IMA log.
kernel: device-mapper: uevent: version 1.0.3
kernel: device-mapper: ioctl: 4.47.0-ioctl (2022-07-28) initialised: dm-devel@redhat.com
kernel: platform eisa.0: Probing EISA bus 0
kernel: platform eisa.0: EISA: Cannot allocate resource for mainboard
kernel: platform eisa.0: Cannot allocate resource for EISA slot 1
kernel: platform eisa.0: Cannot allocate resource for EISA slot 2
kernel: platform eisa.0: Cannot allocate resource for EISA slot 3
kernel: platform eisa.0: Cannot allocate resource for EISA slot 4
kernel: platform eisa.0: Cannot allocate resource for EISA slot 5
kernel: platform eisa.0: Cannot allocate resource for EISA slot 6
kernel: platform eisa.0: Cannot allocate resource for EISA slot 7
kernel: platform eisa.0: Cannot allocate resource for EISA slot 8
kernel: platform eisa.0: EISA: Detected 0 cards
kernel: intel_pstate: Intel P-state driver initializing
kernel: intel_pstate: Disabling energy efficiency optimization
kernel: intel_pstate: HWP enabled
kernel: ledtrig-cpu: registered to indicate activity on CPUs
kernel: efifb: probing for efifb
kernel: efifb: showing boot graphics
kernel: efifb: framebuffer at 0x80000000, using 8100k, total 8100k
kernel: efifb: mode is 1920x1080x32, linelength=7680, pages=1
kernel: efifb: scrolling: redraw
kernel: efifb: Truecolor: size=8:8:8:8, shift=24:16:8:0
kernel: Console: switching to colour frame buffer device 240x67
kernel: fb0: EFI VGA frame buffer device
kernel: EFI Variables Facility v0.08 2004-May-17
kernel: ACPI: battery: Slot [BAT0] (battery present)
kernel: intel_pmc_core INT33A1:00:  initialized
kernel: drop_monitor: Initializing network drop monitor service
kernel: NET: Registered PF_INET6 protocol family
kernel: Segment Routing with IPv6
kernel: In-situ OAM (IOAM) with IPv6
kernel: NET: Registered PF_PACKET protocol family
kernel: Key type dns_resolver registered
kernel: microcode: sig=0x906ea, pf=0x20, revision=0xd6
kernel: microcode: Microcode Update Driver: v2.2.
kernel: IPI shorthand broadcast: enabled
kernel: sched_clock: Marking stable (875332697, 12620338)->(916123011, -28169976)
kernel: registered taskstats version 1
kernel: Loading compiled-in X.509 certificates
kernel: Loaded X.509 cert 'Build time autogenerated kernel key: 19902c69941d0c3d5617a5e3134fa492509c6041'
kernel: Loaded X.509 cert 'Canonical Ltd. Live Patch Signing: 14df34d1a87cf37625abec039ef2bf521249b969'
kernel: Loaded X.509 cert 'Canonical Ltd. Kernel Module Signing: 88f752e560a1e0737e31163a466ad7b70a850c19'
kernel: blacklist: Loading compiled-in revocation X.509 certificates
kernel: Loaded X.509 cert 'Canonical Ltd. Secure Boot Signing: 61482aa2830d0ab2ad5af10b7250da9033ddcef0'
kernel: Loaded X.509 cert 'Canonical Ltd. Secure Boot Signing (2017): 242ade75ac4a15e50d50c84b0d45ff3eae707a03'
kernel: Loaded X.509 cert 'Canonical Ltd. Secure Boot Signing (ESM 2018): 365188c1d374d6b07c3c8f240f8ef722433d6a8b'
kernel: Loaded X.509 cert 'Canonical Ltd. Secure Boot Signing (2019): c0746fd6c5da3ae827864651ad66ae47fe24b3e8'
kernel: Loaded X.509 cert 'Canonical Ltd. Secure Boot Signing (2021 v1): a8d54bbb3825cfb94fa13c9f8a594a195c107b8d'
kernel: Loaded X.509 cert 'Canonical Ltd. Secure Boot Signing (2021 v2): 4cf046892d6fd3c9a5b03f98d845f90851dc6a8c'
kernel: Loaded X.509 cert 'Canonical Ltd. Secure Boot Signing (2021 v3): 100437bb6de6e469b581e61cd66bce3ef4ed53af'
kernel: Loaded X.509 cert 'Canonical Ltd. Secure Boot Signing (Ubuntu Core 2019): c1d57b8f6b743f23ee41f4f7ee292f06eecadfb9'
kernel: zswap: loaded using pool lzo/zbud
kernel: Key type .fscrypt registered
kernel: Key type fscrypt-provisioning registered
kernel: Key type trusted registered
kernel: Key type encrypted registered
kernel: AppArmor: AppArmor sha1 policy hashing enabled
kernel: integrity: Loading X.509 certificate: UEFI:db
kernel: integrity: Loaded X.509 cert 'Dell Inc. UEFI DB: 5ddb772dc880660055ba0bc131886bb630a639e7'
kernel: integrity: Loading X.509 certificate: UEFI:db
kernel: integrity: Loaded X.509 cert 'Microsoft Corporation UEFI CA 2011: 13adbf4309bd82709c8cd54f316ed522988a1bd4'
kernel: integrity: Loading X.509 certificate: UEFI:db
kernel: integrity: Loaded X.509 cert 'Microsoft Windows Production PCA 2011: a92902398e16c49778cd90f99e4f9ae17c55af53'
kernel: integrity: Revoking X.509 certificate: UEFI:dbx
kernel: blacklist: Revoked X.509 cert 'Microsoft Windows PCA 2010: d14fa98a0708cef4241898e500fff3d6791d37bc'
kernel: Loading compiled-in module X.509 certificates
kernel: Loaded X.509 cert 'Build time autogenerated kernel key: 19902c69941d0c3d5617a5e3134fa492509c6041'
kernel: ima: Allocated hash algorithm: sha1
kernel: ima: No architecture policies found
kernel: evm: Initialising EVM extended attributes:
kernel: evm: security.selinux
kernel: evm: security.SMACK64
kernel: evm: security.SMACK64EXEC
kernel: evm: security.SMACK64TRANSMUTE
kernel: evm: security.SMACK64MMAP
kernel: evm: security.apparmor
kernel: evm: security.ima
kernel: evm: security.capability
kernel: evm: HMAC attrs: 0x1
kernel: PM:   Magic number: 11:86:693
kernel: RAS: Correctable Errors collector initialized.
kernel: Freeing unused decrypted memory: 2036K
kernel: Freeing unused kernel image (initmem) memory: 3168K
kernel: Write protecting the kernel read-only data: 32768k
kernel: Freeing unused kernel image (text/rodata gap) memory: 2036K
kernel: Freeing unused kernel image (rodata/data gap) memory: 996K
kernel: x86/mm: Checked W+X mappings: passed, no W+X pages found.
kernel: x86/mm: Checking user space page tables
kernel: x86/mm: Checked W+X mappings: passed, no W+X pages found.
kernel: Run /init as init process
kernel:   with arguments:
kernel:     /init
kernel:     splash
kernel:   with environment:
kernel:     HOME=/
kernel:     TERM=linux
kernel:     BOOT_IMAGE=/vmlinuz-5.19.0-38-generic
kernel: acpi PNP0C14:03: duplicate WMI GUID 05901221-D566-11D1-B2F0-00A0C9062910 (first instance was on PNP0C14:02)
kernel: wmi_bus wmi_bus-PNP0C14:04: WQBC data block query control method not found
kernel: acpi PNP0C14:04: duplicate WMI GUID 05901221-D566-11D1-B2F0-00A0C9062910 (first instance was on PNP0C14:02)
kernel: acpi PNP0C14:05: duplicate WMI GUID 05901221-D566-11D1-B2F0-00A0C9062910 (first instance was on PNP0C14:02)
kernel: acpi PNP0C14:06: duplicate WMI GUID 05901221-D566-11D1-B2F0-00A0C9062910 (first instance was on PNP0C14:02)
kernel: acpi PNP0C14:07: duplicate WMI GUID 05901221-D566-11D1-B2F0-00A0C9062910 (first instance was on PNP0C14:02)
kernel: hid: raw HID events driver (C) Jiri Kosina
kernel: xhci_hcd 0000:00:14.0: xHCI Host Controller
kernel: xhci_hcd 0000:00:14.0: new USB bus registered, assigned bus number 1
kernel: xhci_hcd 0000:00:14.0: hcc params 0x200077c1 hci version 0x110 quirks 0x0000000000009810
kernel: xhci_hcd 0000:00:14.0: xHCI Host Controller
kernel: xhci_hcd 0000:00:14.0: new USB bus registered, assigned bus number 2
kernel: xhci_hcd 0000:00:14.0: Host supports USB 3.1 Enhanced SuperSpeed
kernel: usb usb1: New USB device found, idVendor=1d6b, idProduct=0002, bcdDevice= 5.19
kernel: usb usb1: New USB device strings: Mfr=3, Product=2, SerialNumber=1
kernel: usb usb1: Product: xHCI Host Controller
kernel: usb usb1: Manufacturer: Linux 5.19.0-38-generic xhci-hcd
kernel: usb usb1: SerialNumber: 0000:00:14.0
kernel: hub 1-0:1.0: USB hub found
kernel: hub 1-0:1.0: 16 ports detected
kernel: usb usb2: New USB device found, idVendor=1d6b, idProduct=0003, bcdDevice= 5.19
kernel: usb usb2: New USB device strings: Mfr=3, Product=2, SerialNumber=1
kernel: usb usb2: Product: xHCI Host Controller
kernel: usb usb2: Manufacturer: Linux 5.19.0-38-generic xhci-hcd
kernel: usb usb2: SerialNumber: 0000:00:14.0
kernel: hub 2-0:1.0: USB hub found
kernel: hub 2-0:1.0: 8 ports detected
kernel: ahci 0000:00:17.0: version 3.0
kernel: ahci 0000:00:17.0: SSS flag set, parallel bus scan disabled
kernel: i801_smbus 0000:00:1f.4: SPD Write Disable is set
kernel: i801_smbus 0000:00:1f.4: SMBus using PCI interrupt
kernel: r8169 0000:03:00.0: can't disable ASPM; OS doesn't have ASPM control
kernel: nvme nvme0: pci function 0000:02:00.0
kernel: ahci 0000:00:17.0: AHCI 0001.0301 32 slots 1 ports 6 Gbps 0x1 impl SATA mode
kernel: ahci 0000:00:17.0: flags: 64bit ncq sntf stag pm clo only pio slum part ems deso sadm sds apst 
kernel: scsi host0: ahci
kernel: ata1: SATA max UDMA/133 abar m2048@0xa5421000 port 0xa5421100 irq 127
kernel: nvme nvme0: 8/0/0 default/read/poll queues
kernel:  nvme0n1: p1 p2 p3 p4
kernel: idma64 idma64.0: Found Intel integrated DMA 64-bit
kernel: intel-lpss 0000:00:15.1: enabling device (0000 -> 0002)
kernel: idma64 idma64.1: Found Intel integrated DMA 64-bit
kernel: r8169 0000:03:00.0 eth0: RTL8168h/8111h, e4:54:e8:15:9e:61, XID 541, IRQ 137
kernel: r8169 0000:03:00.0 eth0: jumbo features [frames: 9194 bytes, tx checksumming: ko]
kernel: i2c i2c-0: 2/2 memory slots populated (from DMI)
kernel: i2c i2c-0: Successfully instantiated SPD at 0x50
kernel: usb 1-2: new full-speed USB device number 2 using xhci_hcd
kernel: tsc: Refined TSC clocksource calibration: 2400.004 MHz
kernel: clocksource: tsc: mask: 0xffffffffffffffff max_cycles: 0x22983b44418, max_idle_ns: 440795259572 ns
kernel: clocksource: Switched to clocksource tsc
kernel: ata1: SATA link up 6.0 Gbps (SStatus 133 SControl 300)
kernel: ata1.00: ATA-10: TOSHIBA MQ04ABF100, 100002, max UDMA/100
kernel: ata1.00: 1953525168 sectors, multi 16: LBA48 NCQ (depth 32), AA
kernel: ata1.00: configured for UDMA/100
kernel: scsi 0:0:0:0: Direct-Access     ATA      TOSHIBA MQ04ABF1 02   PQ: 0 ANSI: 5
kernel: sd 0:0:0:0: Attached scsi generic sg0 type 0
kernel: sd 0:0:0:0: [sda] Drive-managed SMR disk
kernel: sd 0:0:0:0: [sda] 1953525168 512-byte logical blocks: (1.00 TB/932 GiB)
kernel: sd 0:0:0:0: [sda] 4096-byte physical blocks
kernel: sd 0:0:0:0: [sda] Write Protect is off
kernel: sd 0:0:0:0: [sda] Mode Sense: 00 3a 00 00
kernel: sd 0:0:0:0: [sda] Write cache: enabled, read cache: enabled, doesn't support DPO or FUA
kernel: sd 0:0:0:0: [sda] Preferred minimum I/O size 4096 bytes
kernel: usb 1-2: New USB device found, idVendor=046d, idProduct=c53f, bcdDevice=44.01
kernel: usb 1-2: New USB device strings: Mfr=1, Product=2, SerialNumber=0
kernel: usb 1-2: Product: USB Receiver
kernel: usb 1-2: Manufacturer: Logitech
kernel:  sda: sda1 sda2
kernel: sd 0:0:0:0: [sda] Attached SCSI disk
kernel: r8169 0000:03:00.0 enp3s0: renamed from eth0
kernel: input: DELL0949:00 04F3:30CB Mouse as /devices/pci0000:00/0000:00:15.1/i2c_designware.1/i2c-2/i2c-DELL0949:00/0018:04F3:30CB.0001/input/input7
kernel: input: DELL0949:00 04F3:30CB Touchpad as /devices/pci0000:00/0000:00:15.1/i2c_designware.1/i2c-2/i2c-DELL0949:00/0018:04F3:30CB.0001/input/input8
kernel: hid-generic 0018:04F3:30CB.0001: input,hidraw0: I2C HID v1.00 Mouse [DELL0949:00 04F3:30CB] on i2c-DELL0949:00
kernel: usb 2-1: new SuperSpeed USB device number 2 using xhci_hcd
kernel: usb 2-1: New USB device found, idVendor=152d, idProduct=0578, bcdDevice= 2.04
kernel: usb 2-1: New USB device strings: Mfr=1, Product=2, SerialNumber=3
kernel: usb 2-1: Product: External USB3.0
kernel: usb 2-1: Manufacturer: JMicron
kernel: usb 2-1: SerialNumber: 201703310007F
kernel: usbcore: registered new interface driver usb-storage
kernel: scsi host1: uas
kernel: usbcore: registered new interface driver uas
kernel: scsi 1:0:0:0: Direct-Access     Extemal  usb3.0           0204 PQ: 0 ANSI: 6
kernel: sd 1:0:0:0: Attached scsi generic sg1 type 0
kernel: sd 1:0:0:0: [sdb] 937703088 512-byte logical blocks: (480 GB/447 GiB)
kernel: sd 1:0:0:0: [sdb] 4096-byte physical blocks
kernel: sd 1:0:0:0: [sdb] Write Protect is off
kernel: sd 1:0:0:0: [sdb] Mode Sense: 53 00 00 08
kernel: sd 1:0:0:0: [sdb] Disabling FUA
kernel: sd 1:0:0:0: [sdb] Write cache: enabled, read cache: enabled, doesn't support DPO or FUA
kernel: sd 1:0:0:0: [sdb] Preferred minimum I/O size 4096 bytes
kernel: sd 1:0:0:0: [sdb] Optimal transfer size 33553920 bytes not a multiple of preferred minimum block size (4096 bytes)
kernel:  sdb: sdb1 sdb2 sdb3 sdb4 sdb5 sdb6 sdb7 sdb8
kernel: sd 1:0:0:0: [sdb] Attached SCSI disk
kernel: usb 1-3: new full-speed USB device number 3 using xhci_hcd
kernel: input: PS/2 Generic Mouse as /devices/platform/i8042/serio1/input/input6
kernel: usb 1-3: New USB device found, idVendor=25a7, idProduct=fa70, bcdDevice= 3.00
kernel: usb 1-3: New USB device strings: Mfr=1, Product=2, SerialNumber=0
kernel: usb 1-3: Product: 2.4G Wireless Receiver
kernel: usb 1-3: Manufacturer: Compx
kernel: usb 1-4: new high-speed USB device number 4 using xhci_hcd
kernel: usb 1-4: New USB device found, idVendor=14cd, idProduct=8601, bcdDevice= 0.00
kernel: usb 1-4: New USB device strings: Mfr=1, Product=3, SerialNumber=0
kernel: usb 1-4: Product: USB 2.0 Hub            
kernel: usb 1-4: Manufacturer: USB Device  
kernel: hub 1-4:1.0: USB hub found
kernel: hub 1-4:1.0: 4 ports detected
kernel: usb 1-5: new high-speed USB device number 5 using xhci_hcd
kernel: usb 1-5: New USB device found, idVendor=0c45, idProduct=671f, bcdDevice=85.02
kernel: usb 1-5: New USB device strings: Mfr=2, Product=1, SerialNumber=0
kernel: usb 1-5: Product: Integrated_Webcam_HD
kernel: usb 1-5: Manufacturer: CN0M1RXT8LG0095MC8AHA01
kernel: usb 1-4.4: new low-speed USB device number 6 using xhci_hcd
kernel: usb 1-4.4: No LPM exit latency info found, disabling LPM.
kernel: usb 1-4.4: New USB device found, idVendor=343c, idProduct=0000, bcdDevice= 0.00
kernel: usb 1-4.4: New USB device strings: Mfr=1, Product=2, SerialNumber=3
kernel: usb 1-4.4: Product: USB Type-C Digital AV Adapter
kernel: usb 1-4.4: Manufacturer: xxxxxxxx
kernel: usb 1-4.4: SerialNumber: 000000000000
kernel: usb 1-14: new full-speed USB device number 7 using xhci_hcd
kernel: usb 1-14: New USB device found, idVendor=8087, idProduct=0032, bcdDevice= 0.00
kernel: usb 1-14: New USB device strings: Mfr=0, Product=0, SerialNumber=0
kernel: input: Logitech USB Receiver as /devices/pci0000:00/0000:00:14.0/usb1/1-2/1-2:1.0/0003:046D:C53F.0002/input/input10
kernel: hid-generic 0003:046D:C53F.0002: input,hidraw1: USB HID v1.11 Keyboard [Logitech USB Receiver] on usb-0000:00:14.0-2/input0
kernel: input: Logitech USB Receiver Mouse as /devices/pci0000:00/0000:00:14.0/usb1/1-2/1-2:1.1/0003:046D:C53F.0003/input/input11
kernel: input: Logitech USB Receiver Consumer Control as /devices/pci0000:00/0000:00:14.0/usb1/1-2/1-2:1.1/0003:046D:C53F.0003/input/input12
kernel: input: Logitech USB Receiver System Control as /devices/pci0000:00/0000:00:14.0/usb1/1-2/1-2:1.1/0003:046D:C53F.0003/input/input13
kernel: hid-generic 0003:046D:C53F.0003: input,hiddev0,hidraw2: USB HID v1.11 Mouse [Logitech USB Receiver] on usb-0000:00:14.0-2/input1
kernel: hid-generic 0003:046D:C53F.0004: hiddev1,hidraw3: USB HID v1.11 Device [Logitech USB Receiver] on usb-0000:00:14.0-2/input2
kernel: input: Compx 2.4G Wireless Receiver as /devices/pci0000:00/0000:00:14.0/usb1/1-3/1-3:1.0/0003:25A7:FA70.0005/input/input15
kernel: hid-generic 0003:25A7:FA70.0005: input,hidraw4: USB HID v1.10 Keyboard [Compx 2.4G Wireless Receiver] on usb-0000:00:14.0-3/input0
kernel: input: Compx 2.4G Wireless Receiver Mouse as /devices/pci0000:00/0000:00:14.0/usb1/1-3/1-3:1.1/0003:25A7:FA70.0006/input/input16
kernel: input: Compx 2.4G Wireless Receiver as /devices/pci0000:00/0000:00:14.0/usb1/1-3/1-3:1.1/0003:25A7:FA70.0006/input/input17
kernel: input: Compx 2.4G Wireless Receiver Keyboard as /devices/pci0000:00/0000:00:14.0/usb1/1-3/1-3:1.1/0003:25A7:FA70.0006/input/input18
kernel: hid-generic 0003:25A7:FA70.0006: input,hiddev2,hidraw5: USB HID v1.10 Mouse [Compx 2.4G Wireless Receiver] on usb-0000:00:14.0-3/input1
kernel: usbcore: registered new interface driver usbhid
kernel: usbhid: USB HID core driver
kernel: logitech-djreceiver 0003:046D:C53F.0002: hidraw1: USB HID v1.11 Keyboard [Logitech USB Receiver] on usb-0000:00:14.0-2/input0
kernel: logitech-djreceiver 0003:046D:C53F.0003: hiddev0,hidraw2: USB HID v1.11 Mouse [Logitech USB Receiver] on usb-0000:00:14.0-2/input1
kernel: logitech-djreceiver 0003:046D:C53F.0004: hiddev1,hidraw3: USB HID v1.11 Device [Logitech USB Receiver] on usb-0000:00:14.0-2/input2
kernel: logitech-djreceiver 0003:046D:C53F.0004: device of type eQUAD Lightspeed 1.1 (0x0d) connected on slot 1
kernel: input: Logitech Wireless Mouse PID:4074 Keyboard as /devices/pci0000:00/0000:00:14.0/usb1/1-2/1-2:1.2/0003:046D:C53F.0004/0003:046D:4074.0007/input/input19
kernel: input: Logitech Wireless Mouse PID:4074 Mouse as /devices/pci0000:00/0000:00:14.0/usb1/1-2/1-2:1.2/0003:046D:C53F.0004/0003:046D:4074.0007/input/input20
kernel: hid-generic 0003:046D:4074.0007: input,hidraw6: USB HID v1.11 Keyboard [Logitech Wireless Mouse PID:4074] on usb-0000:00:14.0-2/input2:1
kernel: input: Logitech G304 as /devices/pci0000:00/0000:00:14.0/usb1/1-2/1-2:1.2/0003:046D:C53F.0004/0003:046D:4074.0007/input/input24
kernel: logitech-hidpp-device 0003:046D:4074.0007: input,hidraw6: USB HID v1.11 Keyboard [Logitech G304] on usb-0000:00:14.0-2/input2:1
kernel: EXT4-fs (sdb2): mounted filesystem with ordered data mode. Quota mode: none.
systemd[1]: Inserted module 'autofs4'
systemd[1]: systemd 249.11-0ubuntu3.7 running in system mode (+PAM +AUDIT +SELINUX +APPARMOR +IMA +SMACK +SECCOMP +GCRYPT +GNUTLS +OPENSSL +ACL +BLKID +CURL +ELFUTILS +FIDO2 +IDN2 -IDN +IPTC +KMOD +LIBCRYPTSETUP +LIBFDISK +PCRE2 -PWQUALITY -P11KIT -QRENCODE +BZIP2 +LZ4 +XZ +ZLIB +ZSTD -XKBCOMMON +UTMP +SYSVINIT default-hierarchy=unified)
systemd[1]: Detected architecture x86-64.
systemd[1]: Hostname set to <xiucong>.
systemd[1]: Configuration file /etc/systemd/system/runsunloginclient.service is marked executable. Please remove executable permission bits. Proceeding anyway.
systemd[1]: Queued start job for default target Graphical Interface.
systemd[1]: Created slice Slice /system/modprobe.
systemd[1]: Created slice Slice /system/systemd-fsck.
systemd[1]: Created slice User and Session Slice.
systemd[1]: Started Forward Password Requests to Wall Directory Watch.
systemd[1]: Set up automount Arbitrary Executable File Formats File System Automount Point.
systemd[1]: Reached target User and Group Name Lookups.
systemd[1]: Reached target Remote File Systems.
systemd[1]: Reached target Slice Units.
systemd[1]: Reached target Mounting snaps.
systemd[1]: Reached target Local Verity Protected Volumes.
systemd[1]: Listening on Syslog Socket.
systemd[1]: Listening on fsck to fsckd communication Socket.
systemd[1]: Listening on initctl Compatibility Named Pipe.
systemd[1]: Listening on Journal Audit Socket.
systemd[1]: Listening on Journal Socket (/dev/log).
systemd[1]: Listening on Journal Socket.
systemd[1]: Listening on udev Control Socket.
systemd[1]: Listening on udev Kernel Socket.
systemd[1]: Mounting Huge Pages File System...
systemd[1]: Mounting POSIX Message Queue File System...
systemd[1]: Mounting Kernel Debug File System...
systemd[1]: Mounting Kernel Trace File System...
systemd[1]: Starting Journal Service...
systemd[1]: Starting Set the console keyboard layout...
systemd[1]: Starting Create List of Static Device Nodes...
systemd[1]: Starting Load Kernel Module chromeos_pstore...
systemd[1]: Starting Load Kernel Module configfs...
systemd[1]: Starting Load Kernel Module drm...
systemd[1]: Starting Load Kernel Module efi_pstore...
systemd[1]: Starting Load Kernel Module fuse...
systemd[1]: Starting Load Kernel Module pstore_blk...
systemd[1]: Starting Load Kernel Module pstore_zone...
systemd[1]: Starting Load Kernel Module ramoops...
systemd[1]: Condition check resulted in File System Check on Root Device being skipped.
systemd[1]: Starting Load Kernel Modules...
systemd[1]: Starting Remount Root and Kernel File Systems...
systemd[1]: Starting Coldplug All udev Devices...
systemd[1]: Mounted Huge Pages File System.
systemd[1]: Mounted POSIX Message Queue File System.
systemd[1]: Mounted Kernel Debug File System.
systemd[1]: Mounted Kernel Trace File System.
systemd[1]: Finished Create List of Static Device Nodes.
systemd[1]: modprobe@configfs.service: Deactivated successfully.
systemd[1]: Finished Load Kernel Module configfs.
systemd[1]: modprobe@fuse.service: Deactivated successfully.
systemd[1]: Finished Load Kernel Module fuse.
systemd[1]: modprobe@pstore_blk.service: Deactivated successfully.
kernel: EXT4-fs (sdb2): re-mounted. Quota mode: none.
systemd[1]: Finished Load Kernel Module pstore_blk.
systemd[1]: modprobe@pstore_zone.service: Deactivated successfully.
systemd[1]: Finished Load Kernel Module pstore_zone.
systemd[1]: Finished Remount Root and Kernel File Systems.
systemd[1]: Mounting FUSE Control File System...
systemd[1]: Mounting Kernel Configuration File System...
systemd[1]: Starting Load/Save Random Seed...
systemd[1]: Starting Create System Users...
systemd[1]: Mounted FUSE Control File System.
systemd[1]: Mounted Kernel Configuration File System.
systemd[1]: modprobe@ramoops.service: Deactivated successfully.
kernel: pstore: Using crash dump compression: deflate
kernel: pstore: Registered efi as persistent store backend
systemd[1]: Finished Load Kernel Module ramoops.
systemd[1]: Finished Load/Save Random Seed.
systemd[1]: Condition check resulted in First Boot Complete being skipped.
kernel: lp: driver loaded but no devices found
systemd[1]: Finished Create System Users.
systemd[1]: Starting Create Static Device Nodes in /dev...
systemd[1]: Finished Create Static Device Nodes in /dev.
systemd[1]: Starting Rule-based Manager for Device Events and Files...
systemd[1]: Finished Set the console keyboard layout.
systemd[1]: Reached target Preparation for Local File Systems.
kernel: ACPI: bus type drm_connector registered
systemd[1]: Mounting Mount unit for bare, revision 5...
systemd-journald[324]: Journal started
systemd-journald[324]: Runtime Journal (/run/log/journal/8b9dad1b373041d8b7e315ef2bb2a430) is 8.0M, max 198.3M, 190.3M free.
systemd-modules-load[340]: Inserted module 'lp'
systemd[1]: Mounting Mount unit for core20, revision 1891...
kernel: ppdev: user-space parallel port driver
systemd-modules-load[340]: Inserted module 'ppdev'
kernel: loop0: detected capacity change from 0 to 8
kernel: loop1: detected capacity change from 0 to 129952
systemd[1]: Mounting Mount unit for core20, revision 1950...
kernel: loop2: detected capacity change from 0 to 129936
systemd[1]: Mounting Mount unit for core22, revision 750...
systemd-modules-load[340]: Inserted module 'parport_pc'
systemd-modules-load[340]: Inserted module 'msr'
systemd[1]: Mounting Mount unit for core22, revision 766...
kernel: loop3: detected capacity change from 0 to 151240
kernel: loop4: detected capacity change from 0 to 151248
systemd[1]: Mounting Mount unit for firefox, revision 2760...
systemd[1]: Mounting Mount unit for firefox, revision 2800...
kernel: loop5: detected capacity change from 0 to 501248
kernel: loop6: detected capacity change from 0 to 500704
systemd[1]: Mounting Mount unit for gnome-3-38-2004, revision 137...
systemd[1]: Mounting Mount unit for gnome-3-38-2004, revision 140...
kernel: loop7: detected capacity change from 0 to 716160
systemd[1]: Mounting Mount unit for gnome-42-2204, revision 105...
kernel: loop8: detected capacity change from 0 to 716168
systemd[1]: Mounting Mount unit for gnome-42-2204, revision 111...
kernel: loop9: detected capacity change from 0 to 943480
systemd[1]: Mounting Mount unit for gtk-common-themes, revision 1535...
kernel: loop10: detected capacity change from 0 to 955472
systemd[1]: Mounting Mount unit for snap-store, revision 638...
kernel: loop11: detected capacity change from 0 to 187776
systemd[1]: Mounting Mount unit for snap-store, revision 959...
kernel: loop12: detected capacity change from 0 to 94064
systemd[1]: Mounting Mount unit for snapd, revision 19361...
kernel: loop13: detected capacity change from 0 to 25240
systemd[1]: Mounting Mount unit for snapd, revision 19457...
kernel: loop14: detected capacity change from 0 to 109072
systemd[1]: Mounting Mount unit for snapd-desktop-integration, revision 57...
kernel: loop15: detected capacity change from 0 to 109072
systemd[1]: Mounting Mount unit for snapd-desktop-integration, revision 83...
kernel: loop16: detected capacity change from 0 to 856
kernel: loop17: detected capacity change from 0 to 904
systemd[1]: Mounting Mount unit for firefox, revision 2356 via mount-control...
systemd[1]: Started Journal Service.
systemd[1]: modprobe@chromeos_pstore.service: Deactivated successfully.
systemd[1]: Finished Load Kernel Module chromeos_pstore.
systemd[1]: modprobe@drm.service: Deactivated successfully.
systemd[1]: Finished Load Kernel Module drm.
systemd[1]: modprobe@efi_pstore.service: Deactivated successfully.
systemd[1]: Finished Load Kernel Module efi_pstore.
systemd[1]: Finished Load Kernel Modules.
systemd[1]: Mounted Mount unit for bare, revision 5.
systemd[1]: Mounted Mount unit for core20, revision 1891.
systemd[1]: Mounted Mount unit for core20, revision 1950.
systemd[1]: Mounted Mount unit for core22, revision 750.
systemd[1]: Mounted Mount unit for core22, revision 766.
systemd[1]: Mounted Mount unit for firefox, revision 2760.
systemd[1]: Mounted Mount unit for firefox, revision 2800.
systemd[1]: Mounted Mount unit for gnome-3-38-2004, revision 137.
systemd[1]: Mounted Mount unit for gnome-3-38-2004, revision 140.
systemd[1]: Mounted Mount unit for gnome-42-2204, revision 105.
systemd[1]: Mounted Mount unit for gnome-42-2204, revision 111.
systemd[1]: Mounted Mount unit for gtk-common-themes, revision 1535.
systemd[1]: Mounted Mount unit for snap-store, revision 638.
systemd[1]: Mounted Mount unit for snap-store, revision 959.
systemd[1]: Mounted Mount unit for snapd, revision 19361.
systemd[1]: Mounted Mount unit for snapd, revision 19457.
systemd[1]: Mounted Mount unit for snapd-desktop-integration, revision 57.
systemd[1]: Mounted Mount unit for snapd-desktop-integration, revision 83.
systemd[1]: Mounted Mount unit for firefox, revision 2356 via mount-control.
systemd[1]: Reached target Mounted snaps.
systemd[1]: Starting Flush Journal to Persistent Storage...
systemd[1]: Condition check resulted in Platform Persistent Storage Archival being skipped.
systemd[1]: Starting Apply Kernel Variables...
systemd-journald[324]: Time spent on flushing to /var/log/journal/8b9dad1b373041d8b7e315ef2bb2a430 is 80.526ms for 1090 entries.
systemd-journald[324]: System Journal (/var/log/journal/8b9dad1b373041d8b7e315ef2bb2a430) is 1.3G, max 2.9G, 1.5G free.
kernel: Consider using thermal netlink events interface
kernel: input: Intel HID events as /devices/platform/INT33D5:00/input/input25
kernel: intel-hid INT33D5:00: platform supports 5 button array
kernel: input: Intel HID 5 button array as /devices/platform/INT33D5:00/input/input26
mtp-probe[419]: checking bus 1, device 3: "/sys/devices/pci0000:00/0000:00:14.0/usb1/1-3"
systemd[1]: Finished Apply Kernel Variables.
mtp-probe[420]: checking bus 2, device 2: "/sys/devices/pci0000:00/0000:00:14.0/usb2/2-1"
systemd[1]: Finished Coldplug All udev Devices.
mtp-probe[423]: checking bus 1, device 2: "/sys/devices/pci0000:00/0000:00:14.0/usb1/1-2"
systemd[1]: Started Rule-based Manager for Device Events and Files.
mtp-probe[423]: bus: 1, device: 2 was not an MTP device
systemd[1]: Starting Show Plymouth Boot Screen...
mtp-probe[420]: bus: 2, device: 2 was not an MTP device
systemd[1]: Received SIGRTMIN+20 from PID 398 (plymouthd).
mtp-probe[419]: bus: 1, device: 3 was not an MTP device
systemd[1]: Started Show Plymouth Boot Screen.
systemd[1]: Condition check resulted in Dispatch Password Requests to Console Directory Watch being skipped.
systemd[1]: Started Forward Password Requests to Plymouth Directory Watch.
systemd[1]: Reached target Local Encrypted Volumes.
systemd[1]: Finished Flush Journal to Persistent Storage.
kernel: proc_thermal 0000:00:04.0: enabling device (0000 -> 0002)
mtp-probe[426]: checking bus 1, device 5: "/sys/devices/pci0000:00/0000:00:14.0/usb1/1-5"
mtp-probe[426]: bus: 1, device: 5 was not an MTP device
kernel: intel_rapl_common: Found RAPL domain package
kernel: intel_rapl_common: Found RAPL domain dram
kernel: mei_me 0000:00:16.0: enabling device (0000 -> 0002)
systemd-udevd[388]: Using default interface naming scheme 'v249'.
kernel: mc: Linux media interface: v0.10
systemd-udevd[387]: sda: Process '/usr/bin/unshare -m /usr/bin/snap auto-import --mount=/dev/sda' failed with exit code 1.
systemd-udevd[384]: nvme0n1: Process '/usr/bin/unshare -m /usr/bin/snap auto-import --mount=/dev/nvme0n1' failed with exit code 1.
systemd-udevd[382]: sdb: Process '/usr/bin/unshare -m /usr/bin/snap auto-import --mount=/dev/sdb' failed with exit code 1.
systemd-udevd[390]: nvme0n1p2: Process '/usr/bin/unshare -m /usr/bin/snap auto-import --mount=/dev/nvme0n1p2' failed with exit code 1.
kernel: ee1004 0-0050: 512 byte EE1004-compliant SPD EEPROM, read-only
systemd-udevd[384]: nvme0n1p1: Process '/usr/bin/unshare -m /usr/bin/snap auto-import --mount=/dev/nvme0n1p1' failed with exit code 1.
systemd-udevd[403]: nvme0n1p4: Process '/usr/bin/unshare -m /usr/bin/snap auto-import --mount=/dev/nvme0n1p4' failed with exit code 1.
systemd-udevd[399]: nvme0n1p3: Process '/usr/bin/unshare -m /usr/bin/snap auto-import --mount=/dev/nvme0n1p3' failed with exit code 1.
systemd[1]: Found device BC501A NVMe SK hynix 128GB EFI\x20system\x20partition.
kernel: Bluetooth: Core ver 2.22
kernel: NET: Registered PF_BLUETOOTH protocol family
kernel: Bluetooth: HCI device and connection manager initialized
kernel: Bluetooth: HCI socket layer initialized
kernel: Bluetooth: L2CAP socket layer initialized
kernel: Bluetooth: SCO socket layer initialized
systemd[1]: Starting File System Check on /dev/disk/by-uuid/1A2B-5DCF...
systemd[1]: Started File System Check Daemon to report status.
kernel: spi-nor spi0.0: mx25l12805d (16384 Kbytes)
kernel: cfg80211: Loading compiled-in X.509 certificates for regulatory database
kernel: cfg80211: Loaded X.509 cert 'sforshee: 00b28ddf47aef9cea7'
kernel: videodev: Linux video capture interface: v2.00
systemd-udevd[401]: sdb2: Process '/usr/bin/unshare -m /usr/bin/snap auto-import --mount=/dev/sdb2' failed with exit code 1.
kernel: Creating 1 MTD partitions on "0000:00:1f.5":
kernel: 0x000000000000-0x000001000000 : "BIOS"
systemd-fsck[487]: fsck.fat 4.2 (2021-01-31)
systemd-fsck[487]: /dev/nvme0n1p1: 194 files, 31815/98304 clusters
systemd[1]: Finished File System Check on /dev/disk/by-uuid/1A2B-5DCF.
kernel: Intel(R) Wireless WiFi driver for Linux
kernel: iwlwifi 0000:04:00.0: enabling device (0000 -> 0002)
kernel: usbcore: registered new interface driver btusb
kernel: input: DELL0949:00 04F3:30CB Mouse as /devices/pci0000:00/0000:00:15.1/i2c_designware.1/i2c-2/i2c-DELL0949:00/0018:04F3:30CB.0001/input/input27
kernel: input: DELL0949:00 04F3:30CB Touchpad as /devices/pci0000:00/0000:00:15.1/i2c_designware.1/i2c-2/i2c-DELL0949:00/0018:04F3:30CB.0001/input/input28
kernel: hid-multitouch 0018:04F3:30CB.0001: input,hidraw0: I2C HID v1.00 Mouse [DELL0949:00 04F3:30CB] on i2c-DELL0949:00
kernel: Bluetooth: hci0: Firmware timestamp 2022.5 buildtype 1 build 38020
systemd-udevd[392]: sdb5: Process '/usr/bin/unshare -m /usr/bin/snap auto-import --mount=/dev/sdb5' failed with exit code 1.
systemd-udevd[379]: sdb4: Process '/usr/bin/unshare -m /usr/bin/snap auto-import --mount=/dev/sdb4' failed with exit code 1.
systemd[1]: Found device usb3.0 5.
kernel: input: Dell WMI hotkeys as /devices/platform/PNP0C14:04/wmi_bus/wmi_bus-PNP0C14:04/9DBB5994-A997-11DA-B012-B622A1EF5492/input/input30
systemd-udevd[384]: sdb3: Process '/usr/bin/unshare -m /usr/bin/snap auto-import --mount=/dev/sdb3' failed with exit code 1.
systemd[1]: Found device usb3.0 4.
systemd-udevd[401]: sdb7: Process '/usr/bin/unshare -m /usr/bin/snap auto-import --mount=/dev/sdb7' failed with exit code 1.
systemd-udevd[382]: sdb1: Process '/usr/bin/unshare -m /usr/bin/snap auto-import --mount=/dev/sdb1' failed with exit code 1.
systemd-udevd[388]: sdb8: Process '/usr/bin/unshare -m /usr/bin/snap auto-import --mount=/dev/sdb8' failed with exit code 1.
systemd[1]: Found device usb3.0 3.
systemd-udevd[385]: sdb6: Process '/usr/bin/unshare -m /usr/bin/snap auto-import --mount=/dev/sdb6' failed with exit code 1.
systemd[1]: Found device usb3.0 7.
kernel: iwlwifi 0000:04:00.0: api flags index 2 larger than supported by driver
kernel: iwlwifi 0000:04:00.0: TLV_FW_FSEQ_VERSION: FSEQ Version: 0.0.2.36
systemd[1]: Found device usb3.0 1.
kernel: iwlwifi 0000:04:00.0: loaded firmware version 72.daa05125.0 ty-a0-gf-a0-72.ucode op_mode iwlmvm
kernel: Bluetooth: hci0: Found device firmware: intel/ibt-0041-0041.sfi
kernel: Bluetooth: hci0: Boot Address: 0x100800
kernel: Bluetooth: hci0: Firmware Version: 132-5.22
kernel: Bluetooth: hci0: Firmware already loaded
kernel: snd_hda_intel 0000:00:1f.3: DSP detected with PCI class/subclass/prog-if info 0x040100
kernel: snd_hda_intel 0000:00:1f.3: Digital mics found on Skylake+ platform, using SOF driver
kernel: snd_hda_intel 0000:01:00.1: enabling device (0000 -> 0002)
kernel: snd_hda_intel 0000:01:00.1: Disabling MSI
kernel: snd_hda_intel 0000:01:00.1: Handle vga_switcheroo audio client
systemd[1]: Activating swap /dev/disk/by-uuid/7ba4c552-1b92-443e-9adf-98479b7ff816...
systemd[1]: Mounting /backup...
systemd[1]: Starting File System Check on /dev/disk/by-uuid/0df910c3-2692-4f27-aac7-b2692c7eb76a...
systemd[1]: Starting File System Check on /dev/disk/by-uuid/fd2a643b-505d-4087-b76b-bb42664bf89f...
kernel: RAPL PMU: API unit is 2^-32 Joules, 5 fixed counters, 655360 ms ovfl timer
kernel: RAPL PMU: hw unit of domain pp0-core 2^-14 Joules
kernel: RAPL PMU: hw unit of domain package 2^-14 Joules
kernel: RAPL PMU: hw unit of domain dram 2^-14 Joules
kernel: RAPL PMU: hw unit of domain pp1-gpu 2^-14 Joules
kernel: RAPL PMU: hw unit of domain psys 2^-14 Joules
systemd[1]: Starting File System Check on /dev/sdb5...
kernel: usb 1-5: Found UVC 1.00 device Integrated_Webcam_HD (0c45:671f)
kernel: input: HDA NVidia HDMI/DP,pcm=3 as /devices/pci0000:00/0000:00:01.0/0000:01:00.1/sound/card0/input31
kernel: input: HDA NVidia HDMI/DP,pcm=7 as /devices/pci0000:00/0000:00:01.0/0000:01:00.1/sound/card0/input32
kernel: input: HDA NVidia HDMI/DP,pcm=8 as /devices/pci0000:00/0000:00:01.0/0000:01:00.1/sound/card0/input33
kernel: input: HDA NVidia HDMI/DP,pcm=9 as /devices/pci0000:00/0000:00:01.0/0000:01:00.1/sound/card0/input34
kernel: cryptd: max_cpu_qlen set to 1000
systemd[1]: Listening on Load/Save RF Kill Switch Status /dev/rfkill Watch.
systemd[1]: Starting Load/Save RF Kill Switch Status...
kernel: input: Integrated_Webcam_HD: Integrate as /devices/pci0000:00/0000:00:14.0/usb1/1-5/1-5:1.0/input/input35
kernel: usbcore: registered new interface driver uvcvideo
kernel: Adding 24999932k swap on /dev/sdb4.  Priority:-2 extents:1 across:24999932k FS
systemd[1]: Activated swap /dev/disk/by-uuid/7ba4c552-1b92-443e-9adf-98479b7ff816.
systemd[1]: Reached target Swaps.
kernel: nvidia: loading out-of-tree module taints kernel.
kernel: nvidia: module license 'NVIDIA' taints kernel.
kernel: Disabling lock debugging due to kernel taint
kernel: EXT4-fs (sdb7): mounted filesystem with ordered data mode. Quota mode: none.
systemd[1]: Mounted /backup.
systemd-fsck[593]: /dev/sdb5: clean, 183010/6553600 files, 18358194/26214400 blocks
systemd[1]: Finished File System Check on /dev/sdb5.
systemd-fsck[616]: /dev/sdb3: clean, 125443/3276800 files, 2697038/13107200 blocks
systemd[1]: Finished File System Check on /dev/disk/by-uuid/0df910c3-2692-4f27-aac7-b2692c7eb76a.
systemd[1]: Mounting /home...
systemd-udevd[379]: video4linux: Process '/usr/lib/snapd/snap-device-helper add snap_firefox_firefox /class/video4linux 0:0' failed with exit code 1.
systemd-udevd[379]: video4linux: Process '/usr/lib/snapd/snap-device-helper add snap_firefox_geckodriver /class/video4linux 0:0' failed with exit code 1.
systemd-fsck[618]: /dev/sdb1: clean, 314/72960 files, 31710/72960 blocks
kernel: EXT4-fs (sdb3): mounted filesystem with ordered data mode. Quota mode: none.
kernel: EXT4-fs (sdb1): mounted filesystem with ordered data mode. Quota mode: none.
systemd[1]: Finished File System Check on /dev/disk/by-uuid/fd2a643b-505d-4087-b76b-bb42664bf89f.
systemd[1]: Mounting /boot...
systemd[1]: Mounted /home.
systemd[1]: Mounted /boot.
systemd[1]: Mounting /boot/efi...
systemd[1]: Mounting /home/xiucong/Desktop/Xilinx/Vivado...
systemd[1]: Condition check resulted in Dispatch Password Requests to Console Directory Watch being skipped.
systemd[1]: Starting Load Kernel Module chromeos_pstore...
systemd[1]: Starting Load Kernel Module efi_pstore...
systemd[1]: Starting Load Kernel Module pstore_blk...
systemd[1]: Starting Load Kernel Module pstore_zone...
kernel: EXT4-fs (sdb5): mounted filesystem with ordered data mode. Quota mode: none.
systemd[1]: Starting Load Kernel Module ramoops...
systemd[1]: Condition check resulted in File System Check on Root Device being skipped.
systemd[1]: Started Load/Save RF Kill Switch Status.
systemd[1]: Mounted /home/xiucong/Desktop/Xilinx/Vivado.
systemd[1]: modprobe@efi_pstore.service: Deactivated successfully.
systemd[1]: Finished Load Kernel Module efi_pstore.
systemd[1]: modprobe@pstore_blk.service: Deactivated successfully.
systemd[1]: Finished Load Kernel Module pstore_blk.
systemd[1]: modprobe@pstore_zone.service: Deactivated successfully.
systemd[1]: Finished Load Kernel Module pstore_zone.
systemd[1]: modprobe@ramoops.service: Deactivated successfully.
systemd[1]: Finished Load Kernel Module ramoops.
systemd[1]: Condition check resulted in Dispatch Password Requests to Console Directory Watch being skipped.
systemd[1]: Starting Load Kernel Module efi_pstore...
systemd[1]: Starting Load Kernel Module pstore_blk...
systemd[1]: Starting Load Kernel Module pstore_zone...
systemd[1]: Starting Load Kernel Module ramoops...
systemd[1]: Condition check resulted in File System Check on Root Device being skipped.
systemd[1]: modprobe@efi_pstore.service: Deactivated successfully.
systemd[1]: Finished Load Kernel Module efi_pstore.
systemd[1]: modprobe@pstore_blk.service: Deactivated successfully.
systemd[1]: Finished Load Kernel Module pstore_blk.
systemd[1]: modprobe@pstore_zone.service: Deactivated successfully.
systemd[1]: Finished Load Kernel Module pstore_zone.
systemd[1]: modprobe@ramoops.service: Deactivated successfully.
systemd[1]: Finished Load Kernel Module ramoops.
systemd[1]: Created slice Slice /system/systemd-backlight.
systemd[1]: Starting Load/Save Screen Backlight Brightness of leds:dell::kbd_backlight...
systemd[1]: Finished Load/Save Screen Backlight Brightness of leds:dell::kbd_backlight.
systemd-udevd[395]: sda1: Process '/usr/bin/unshare -m /usr/bin/snap auto-import --mount=/dev/sda1' failed with exit code 1.
kernel: nvidia: module verification failed: signature and/or required key missing - tainting kernel
kernel: AVX2 version of gcm_enc/dec engaged.
kernel: AES CTR mode by8 optimization enabled
kernel: intel_rapl_common: Found RAPL domain package
kernel: intel_rapl_common: Found RAPL domain core
kernel: intel_rapl_common: Found RAPL domain uncore
kernel: intel_rapl_common: Found RAPL domain dram
kernel: intel_rapl_common: Found RAPL domain psys
kernel: checking generic (80000000 7e9000) vs hw (a4000000 1000000)
kernel: checking generic (80000000 7e9000) vs hw (80000000 10000000)
kernel: fb0: switching to i915 from EFI VGA
systemd[1]: Mounted /boot/efi.
systemd[1]: Reached target Local File Systems.
kernel: Console: switching to colour dummy device 80x25
kernel: i915 0000:00:02.0: vgaarb: deactivate vga console
systemd[1]: Starting Load AppArmor profiles...
systemd[1]: Starting Enable support for additional executable binary formats...
systemd[1]: Starting Set console font and keymap...
systemd[1]: Starting Tell Plymouth To Write Out Runtime Data...
kernel: i915 0000:00:02.0: vgaarb: changed VGA decodes: olddecodes=io+mem,decodes=none:owns=io+mem
kernel: i915 0000:00:02.0: [drm] Finished loading DMC firmware i915/kbl_dmc_ver1_04.bin (v1.4)
systemd[1]: Condition check resulted in Set Up Additional Binary Formats being skipped.
systemd[1]: Condition check resulted in Store a System Token in an EFI Variable being skipped.
systemd[1]: Condition check resulted in Commit a transient machine-id on disk being skipped.
systemd[1]: Starting Create Volatile Files and Directories...
systemd[1]: Starting Uncomplicated firewall...
apparmor.systemd[672]: Restarting AppArmor
apparmor.systemd[672]: Reloading AppArmor profiles
systemd[1]: Finished Set console font and keymap.
systemd[1]: proc-sys-fs-binfmt_misc.automount: Got automount request for /proc/sys/fs/binfmt_misc, triggered by 673 (update-binfmts)
systemd[1]: Mounting Arbitrary Executable File Formats File System...
systemd[1]: Finished Uncomplicated firewall.
systemd[1]: Reached target Preparation for Network.
systemd[1]: Received SIGRTMIN+20 from PID 398 (plymouthd).
systemd[1]: Finished Tell Plymouth To Write Out Runtime Data.
systemd-udevd[397]: sda2: Process '/usr/bin/unshare -m /usr/bin/snap auto-import --mount=/dev/sda2' failed with exit code 1.
audit[690]: AVC apparmor="STATUS" operation="profile_load" profile="unconfined" name="nvidia_modprobe" pid=690 comm="apparmor_parser"
audit[690]: AVC apparmor="STATUS" operation="profile_load" profile="unconfined" name="nvidia_modprobe//kmod" pid=690 comm="apparmor_parser"
audit[689]: AVC apparmor="STATUS" operation="profile_load" profile="unconfined" name="lsb_release" pid=689 comm="apparmor_parser"
audit[693]: AVC apparmor="STATUS" operation="profile_load" profile="unconfined" name="/usr/bin/man" pid=693 comm="apparmor_parser"
audit[693]: AVC apparmor="STATUS" operation="profile_load" profile="unconfined" name="man_filter" pid=693 comm="apparmor_parser"
audit[693]: AVC apparmor="STATUS" operation="profile_load" profile="unconfined" name="man_groff" pid=693 comm="apparmor_parser"
audit[695]: AVC apparmor="STATUS" operation="profile_load" profile="unconfined" name="libreoffice-oosplash" pid=695 comm="apparmor_parser"
kernel: audit: type=1400 audit(1688143295.322:2): apparmor="STATUS" operation="profile_load" profile="unconfined" name="nvidia_modprobe" pid=690 comm="apparmor_parser"
kernel: audit: type=1400 audit(1688143295.322:3): apparmor="STATUS" operation="profile_load" profile="unconfined" name="nvidia_modprobe//kmod" pid=690 comm="apparmor_parser"
kernel: audit: type=1400 audit(1688143295.322:4): apparmor="STATUS" operation="profile_load" profile="unconfined" name="lsb_release" pid=689 comm="apparmor_parser"
kernel: audit: type=1400 audit(1688143295.322:5): apparmor="STATUS" operation="profile_load" profile="unconfined" name="/usr/bin/man" pid=693 comm="apparmor_parser"
kernel: audit: type=1400 audit(1688143295.322:6): apparmor="STATUS" operation="profile_load" profile="unconfined" name="man_filter" pid=693 comm="apparmor_parser"
kernel: audit: type=1400 audit(1688143295.322:7): apparmor="STATUS" operation="profile_load" profile="unconfined" name="man_groff" pid=693 comm="apparmor_parser"
kernel: audit: type=1400 audit(1688143295.322:8): apparmor="STATUS" operation="profile_load" profile="unconfined" name="libreoffice-oosplash" pid=695 comm="apparmor_parser"
audit[696]: AVC apparmor="STATUS" operation="profile_load" profile="unconfined" name="libreoffice-senddoc" pid=696 comm="apparmor_parser"
audit[698]: AVC apparmor="STATUS" operation="profile_load" profile="unconfined" name="libreoffice-xpdfimport" pid=698 comm="apparmor_parser"
kernel: audit: type=1400 audit(1688143295.326:9): apparmor="STATUS" operation="profile_load" profile="unconfined" name="libreoffice-senddoc" pid=696 comm="apparmor_parser"
kernel: audit: type=1400 audit(1688143295.326:10): apparmor="STATUS" operation="profile_load" profile="unconfined" name="libreoffice-xpdfimport" pid=698 comm="apparmor_parser"
kernel: audit: type=1400 audit(1688143295.330:11): apparmor="STATUS" operation="profile_load" profile="unconfined" name="tcpdump" pid=694 comm="apparmor_parser"
audit[694]: AVC apparmor="STATUS" operation="profile_load" profile="unconfined" name="tcpdump" pid=694 comm="apparmor_parser"
systemd[1]: Finished Create Volatile Files and Directories.
apparmor.systemd[704]: Skipping profile in /etc/apparmor.d/disable: usr.sbin.rsyslogd
audit[699]: AVC apparmor="STATUS" operation="profile_load" profile="unconfined" name="/usr/lib/snapd/snap-confine" pid=699 comm="apparmor_parser"
audit[699]: AVC apparmor="STATUS" operation="profile_load" profile="unconfined" name="/usr/lib/snapd/snap-confine//mount-namespace-capture-helper" pid=699 comm="apparmor_parser"
audit[688]: AVC apparmor="STATUS" operation="profile_load" profile="unconfined" name="/usr/lib/lightdm/lightdm-guest-session" pid=688 comm="apparmor_parser"
audit[688]: AVC apparmor="STATUS" operation="profile_load" profile="unconfined" name="/usr/lib/lightdm/lightdm-guest-session//chromium" pid=688 comm="apparmor_parser"
systemd[1]: Starting Userspace Out-Of-Memory (OOM) Killer...
systemd[1]: Starting Network Name Resolution...
kernel: mei_hdcp 0000:00:16.0-b638ab7e-94e2-4ea2-a552-d1c54b627f04: bound 0000:00:02.0 (ops i915_hdcp_component_ops [i915])
audit[700]: AVC apparmor="STATUS" operation="profile_load" profile="unconfined" name="/usr/sbin/cups-browsed" pid=700 comm="apparmor_parser"
audit[691]: AVC apparmor="STATUS" operation="profile_load" profile="unconfined" name="/usr/lib/NetworkManager/nm-dhcp-client.action" pid=691 comm="apparmor_parser"
audit[691]: AVC apparmor="STATUS" operation="profile_load" profile="unconfined" name="/usr/lib/NetworkManager/nm-dhcp-helper" pid=691 comm="apparmor_parser"
audit[691]: AVC apparmor="STATUS" operation="profile_load" profile="unconfined" name="/usr/lib/connman/scripts/dhclient-script" pid=691 comm="apparmor_parser"
audit[691]: AVC apparmor="STATUS" operation="profile_load" profile="unconfined" name="/{,usr/}sbin/dhclient" pid=691 comm="apparmor_parser"
systemd[1]: Starting Network Time Synchronization...
systemd[1]: Starting Record System Boot/Shutdown in UTMP...
audit[702]: AVC apparmor="STATUS" operation="profile_load" profile="unconfined" name="/usr/lib/cups/backend/cups-pdf" pid=702 comm="apparmor_parser"
audit[702]: AVC apparmor="STATUS" operation="profile_load" profile="unconfined" name="/usr/sbin/cupsd" pid=702 comm="apparmor_parser"
audit[702]: AVC apparmor="STATUS" operation="profile_load" profile="unconfined" name="/usr/sbin/cupsd//third_party" pid=702 comm="apparmor_parser"
systemd[1]: Finished Record System Boot/Shutdown in UTMP.
audit[692]: AVC apparmor="STATUS" operation="profile_load" profile="unconfined" name="/usr/bin/evince" pid=692 comm="apparmor_parser"
audit[692]: AVC apparmor="STATUS" operation="profile_load" profile="unconfined" name="/usr/bin/evince//sanitized_helper" pid=692 comm="apparmor_parser"
audit[692]: AVC apparmor="STATUS" operation="profile_load" profile="unconfined" name="/usr/bin/evince-previewer" pid=692 comm="apparmor_parser"
audit[692]: AVC apparmor="STATUS" operation="profile_load" profile="unconfined" name="/usr/bin/evince-previewer//sanitized_helper" pid=692 comm="apparmor_parser"
audit[692]: AVC apparmor="STATUS" operation="profile_load" profile="unconfined" name="/usr/bin/evince-thumbnailer" pid=692 comm="apparmor_parser"
audit[697]: AVC apparmor="STATUS" operation="profile_load" profile="unconfined" name="libreoffice-soffice" pid=697 comm="apparmor_parser"
audit[697]: AVC apparmor="STATUS" operation="profile_load" profile="unconfined" name="libreoffice-soffice//gpg" pid=697 comm="apparmor_parser"
systemd[1]: Finished Load AppArmor profiles.
systemd[1]: Starting Load AppArmor profiles managed internally by snapd...
kernel: [drm] Initialized i915 1.6.0 20201103 for 0000:00:02.0 on minor 0
kernel: ACPI: video: Video Device [GFX0] (multi-head: yes  rom: no  post: no)
kernel: input: Video Bus as /devices/LNXSYSTM:00/LNXSYBUS:00/PNP0A08:00/LNXVIDEO:00/input/input36
systemd[1]: modprobe@chromeos_pstore.service: Deactivated successfully.
systemd[1]: Finished Load Kernel Module chromeos_pstore.
systemd[1]: Condition check resulted in Platform Persistent Storage Archival being skipped.
kernel: ACPI: video: Video Device [PEGP] (multi-head: no  rom: yes  post: no)
kernel: input: Video Bus as /devices/LNXSYSTM:00/LNXSYBUS:00/PNP0A08:00/device:1b/LNXVIDEO:01/input/input37
kernel: nvidia-nvlink: Nvlink Core is being initialized, major device number 508
kernel: 
kernel: nvidia 0000:01:00.0: enabling device (0000 -> 0003)
kernel: nvidia 0000:01:00.0: vgaarb: changed VGA decodes: olddecodes=io+mem,decodes=none:owns=none
kernel: fbcon: i915drmfb (fb0) is primary device
kernel: iwlwifi 0000:04:00.0: Detected Intel(R) Wi-Fi 6 AX210 160MHz, REV=0x420
kernel: thermal thermal_zone7: failed to read out thermal zone (-61)
kernel: NVRM: loading NVIDIA UNIX x86_64 Kernel Module  525.89.02  Wed Feb  1 23:23:25 UTC 2023
kernel: Console: switching to colour frame buffer device 240x67
kernel: i915 0000:00:02.0: [drm] fb0: i915drmfb frame buffer device
systemd[1]: Mounted Arbitrary Executable File Formats File System.
systemd[1]: Finished Enable support for additional executable binary formats.
kernel: iwlwifi 0000:04:00.0: loaded PNVM version 881c99e1
kernel: iwlwifi 0000:04:00.0: Detected RF GF, rfid=0x10d000
systemd[1]: Starting Load/Save Screen Backlight Brightness of backlight:intel_backlight...
systemd[1]: Started Userspace Out-Of-Memory (OOM) Killer.
kernel: nvidia-modeset: Loading NVIDIA Kernel Mode Setting Driver for UNIX platforms  525.89.02  Wed Feb  1 23:09:40 UTC 2023
kernel: [drm] [nvidia-drm] [GPU ID 0x00000100] Loading driver
systemd[1]: Started Network Time Synchronization.
systemd[1]: Reached target System Time Set.
systemd[1]: Finished Load/Save Screen Backlight Brightness of backlight:intel_backlight.
kernel: iwlwifi 0000:04:00.0: base HW address: f0:d4:15:05:0f:73
kernel: intel_tcc_cooling: Programmable TCC Offset detected
systemd-resolved[707]: Positive Trust Anchors:
systemd-resolved[707]: . IN DS 20326 8 2 e06d44b80b8f1d39a95c0b0d7c65d08458e880409bbc683457104237c7f8ec8d
systemd-resolved[707]: Negative trust anchors: home.arpa 10.in-addr.arpa 16.172.in-addr.arpa 17.172.in-addr.arpa 18.172.in-addr.arpa 19.172.in-addr.arpa 20.172.in-addr.arpa 21.172.in-addr.arpa 22.172.in-addr.arpa 23.172.in-addr.arpa 24.172.in-addr.arpa 25.172.in-addr.arpa 26.172.in-addr.arpa 27.172.in-addr.arpa 28.172.in-addr.arpa 29.172.in-addr.arpa 30.172.in-addr.arpa 31.172.in-addr.arpa 168.192.in-addr.arpa d.f.ip6.arpa corp home internal intranet lan local private test
snapd-apparmor[710]: main.go:124: Loading profiles [/var/lib/snapd/apparmor/profiles/snap-confine.snapd.19361 /var/lib/snapd/apparmor/profiles/snap-confine.snapd.19457 /var/lib/snapd/apparmor/profiles/snap-update-ns.firefox /var/lib/snapd/apparmor/profiles/snap-update-ns.snap-store /var/lib/snapd/apparmor/profiles/snap-update-ns.snapd-desktop-integration /var/lib/snapd/apparmor/profiles/snap.firefox.firefox /var/lib/snapd/apparmor/profiles/snap.firefox.geckodriver /var/lib/snapd/apparmor/profiles/snap.firefox.hook.configure /var/lib/snapd/apparmor/profiles/snap.firefox.hook.connect-plug-host-hunspell /var/lib/snapd/apparmor/profiles/snap.firefox.hook.disconnect-plug-host-hunspell /var/lib/snapd/apparmor/profiles/snap.firefox.hook.post-refresh /var/lib/snapd/apparmor/profiles/snap.snap-store.hook.configure /var/lib/snapd/apparmor/profiles/snap.snap-store.snap-store /var/lib/snapd/apparmor/profiles/snap.snap-store.ubuntu-software /var/lib/snapd/apparmor/profiles/snap.snap-store.ubuntu-software-local-file /var/lib/snapd/apparmor/profiles/snap.snapd-desktop-integration.hook.configure /var/lib/snapd/apparmor/profiles/snap.snapd-desktop-integration.snapd-desktop-integration]
kernel: sof-audio-pci-intel-cnl 0000:00:1f.3: DSP detected with PCI class/subclass/prog-if info 0x040100
kernel: sof-audio-pci-intel-cnl 0000:00:1f.3: Digital mics found on Skylake+ platform, using SOF driver
kernel: sof-audio-pci-intel-cnl 0000:00:1f.3: enabling device (0000 -> 0002)
kernel: sof-audio-pci-intel-cnl 0000:00:1f.3: DSP detected with PCI class/subclass/prog-if 0x040100
kernel: sof-audio-pci-intel-cnl 0000:00:1f.3: bound 0000:00:02.0 (ops i915_audio_component_bind_ops [i915])
kernel: ACPI Warning: \_SB.PCI0.PEG0.PEGP._DSM: Argument #4 type mismatch - Found [Buffer], ACPI requires [Package] (20220331/nsarguments-61)
systemd-udevd[393]: Using default interface naming scheme 'v249'.
kernel: iwlwifi 0000:04:00.0 wlp4s0: renamed from wlan0
kernel: sof-audio-pci-intel-cnl 0000:00:1f.3: use msi interrupt mode
audit[804]: AVC apparmor="STATUS" operation="profile_load" profile="unconfined" name="snap.firefox.hook.configure" pid=804 comm="apparmor_parser"
audit[799]: AVC apparmor="STATUS" operation="profile_load" profile="unconfined" name="snap-update-ns.firefox" pid=799 comm="apparmor_parser"
audit[798]: AVC apparmor="STATUS" operation="profile_load" profile="unconfined" name="/snap/snapd/19457/usr/lib/snapd/snap-confine" pid=798 comm="apparmor_parser"
audit[798]: AVC apparmor="STATUS" operation="profile_load" profile="unconfined" name="/snap/snapd/19457/usr/lib/snapd/snap-confine//mount-namespace-capture-helper" pid=798 comm="apparmor_parser"
audit[800]: AVC apparmor="STATUS" operation="profile_load" profile="unconfined" name="snap-update-ns.snap-store" pid=800 comm="apparmor_parser"
audit[797]: AVC apparmor="STATUS" operation="profile_load" profile="unconfined" name="/snap/snapd/19361/usr/lib/snapd/snap-confine" pid=797 comm="apparmor_parser"
audit[797]: AVC apparmor="STATUS" operation="profile_load" profile="unconfined" name="/snap/snapd/19361/usr/lib/snapd/snap-confine//mount-namespace-capture-helper" pid=797 comm="apparmor_parser"
audit[801]: AVC apparmor="STATUS" operation="profile_load" profile="unconfined" name="snap-update-ns.snapd-desktop-integration" pid=801 comm="apparmor_parser"
audit[812]: AVC apparmor="STATUS" operation="profile_load" profile="unconfined" name="snap.firefox.hook.connect-plug-host-hunspell" pid=812 comm="apparmor_parser"
audit[813]: AVC apparmor="STATUS" operation="profile_load" profile="unconfined" name="snap.firefox.hook.disconnect-plug-host-hunspell" pid=813 comm="apparmor_parser"
audit[803]: AVC apparmor="STATUS" operation="profile_load" profile="unconfined" name="snap.firefox.geckodriver" pid=803 comm="apparmor_parser"
audit[815]: AVC apparmor="STATUS" operation="profile_load" profile="unconfined" name="snap.firefox.hook.post-refresh" pid=815 comm="apparmor_parser"
audit[816]: AVC apparmor="STATUS" operation="profile_load" profile="unconfined" name="snap.snap-store.hook.configure" pid=816 comm="apparmor_parser"
audit[802]: AVC apparmor="STATUS" operation="profile_load" profile="unconfined" name="snap.firefox.firefox" pid=802 comm="apparmor_parser"
audit[817]: AVC apparmor="STATUS" operation="profile_load" profile="unconfined" name="snap.snap-store.snap-store" pid=817 comm="apparmor_parser"
audit[823]: AVC apparmor="STATUS" operation="profile_load" profile="unconfined" name="snap.snapd-desktop-integration.hook.configure" pid=823 comm="apparmor_parser"
